--------- beginning of main
04-16 22:46:15.908  1894  1894 E SurfaceFlinger: Out of order buffers detected for RequestedLayerState{com.sec.android.app.launcher/com.sec.android.app.launcher.activities.LauncherActivity$_4604#171252 parentId=170531} producedId=3165 frameNumber=170 -> producedId=3165 frameNumber=56
04-16 22:46:15.909  4604  6943 I VRI[LauncherActivity]@3ca89a7: mWNT: t=0xb400006f276d4b10 mBlastBufferQueue=0xb400006f379ec510 fn= 57 HdrRenderState mRenderHdrSdrRatio=1.0 caller= com.android.systemui.shared.launcher.ViewRootImplCompat.mergeWithNextTransaction:4 com.honeyspace.transition.utils.SurfaceTransactionApplier.scheduleApply$lambda$1:16 com.honeyspace.transition.utils.SurfaceTransactionApplier.b:0 
04-16 22:46:15.917  1894  1894 E SurfaceFlinger: Out of order buffers detected for RequestedLayerState{com.sec.android.app.launcher/com.sec.android.app.launcher.activities.LauncherActivity$_4604#171252 parentId=170531} producedId=3165 frameNumber=170 -> producedId=3165 frameNumber=57
04-16 22:46:15.917  4604  6942 I VRI[LauncherActivity]@3ca89a7: mWNT: t=0xb400006f27797290 mBlastBufferQueue=0xb400006f379ec510 fn= 58 HdrRenderState mRenderHdrSdrRatio=1.0 caller= com.android.systemui.shared.launcher.ViewRootImplCompat.mergeWithNextTransaction:4 com.honeyspace.transition.utils.SurfaceTransactionApplier.scheduleApply$lambda$1:16 com.honeyspace.transition.utils.SurfaceTransactionApplier.b:0 
04-16 22:46:15.925  1894  1894 E SurfaceFlinger: Out of order buffers detected for RequestedLayerState{com.sec.android.app.launcher/com.sec.android.app.launcher.activities.LauncherActivity$_4604#171252 parentId=170531} producedId=3165 frameNumber=170 -> producedId=3165 frameNumber=58
04-16 22:46:15.925  4604  6943 I VRI[LauncherActivity]@3ca89a7: mWNT: t=0xb400006f27740c10 mBlastBufferQueue=0xb400006f379ec510 fn= 59 HdrRenderState mRenderHdrSdrRatio=1.0 caller= com.android.systemui.shared.launcher.ViewRootImplCompat.mergeWithNextTransaction:4 com.honeyspace.transition.utils.SurfaceTransactionApplier.scheduleApply$lambda$1:16 com.honeyspace.transition.utils.SurfaceTransactionApplier.b:0 
04-16 22:46:15.933  1894  1894 E SurfaceFlinger: Out of order buffers detected for RequestedLayerState{com.sec.android.app.launcher/com.sec.android.app.launcher.activities.LauncherActivity$_4604#171252 parentId=170531} producedId=3165 frameNumber=170 -> producedId=3165 frameNumber=59
04-16 22:46:15.934  4604  6942 I VRI[LauncherActivity]@3ca89a7: mWNT: t=0xb400006f27745050 mBlastBufferQueue=0xb400006f379ec510 fn= 60 HdrRenderState mRenderHdrSdrRatio=1.0 caller= com.android.systemui.shared.launcher.ViewRootImplCompat.mergeWithNextTransaction:4 com.honeyspace.transition.utils.SurfaceTransactionApplier.scheduleApply$lambda$1:16 com.honeyspace.transition.utils.SurfaceTransactionApplier.b:0 
04-16 22:46:15.936  3932  3956 I ndroid.systemui: NativeAlloc concurrent mark compact GC freed 8988KB AllocSpace bytes, 14(504KB) LOS objects, 42% free, 64MB/112MB, paused 330us,1.756ms total 113.469ms
04-16 22:46:15.936  1894  2629 I SurfaceFlinger: id=171084 Removed Task=1845#171084 (161)
04-16 22:46:15.936  1894  4222 I SurfaceFlinger: id=171076 Removed Task=1844#171076 (161)
04-16 22:46:15.936  1894  4222 I SurfaceFlinger: id=171161 Removed Task=1846#171161 (161)
04-16 22:46:15.937  1894  2629 I SurfaceFlinger: id=171176 Removed Task=1847#171176 (161)
04-16 22:46:15.937  1742  1742 I SS_POWER_HINT_SESSION: SS_ADPF 3932-10051-3370 PowerHintSession createHintSession : , 4203, 4204, 4086, 4210 : 16666667
04-16 22:46:15.937  1735  1873 I HYPER-HAL: [RequestManager.cpp]acquire(): Acquired ID : 421274935  [1742 / 69933]    HINT :      list : [TID_LOW_LATENCY / 1] [TID / 4203] [TID / 4204] [TID / 4086] [TID / 4210] 
--------- beginning of system
04-16 22:46:15.937  2647  6895 D HintManagerService: SystemUI make new AppHintSession but force pause
04-16 22:46:15.937  1735  1873 I HYPER-HAL: [RequestManager.cpp]acquire(): Acquired ID : 421274935  [1742 / 69933]    HINT :      list : [TID_LOW_LATENCY / 0] [TID / 4203] [TID / 4204] [TID / 4086] [TID / 4210] 
04-16 22:46:15.937  1735  1873 I HYPER-HAL: [RequestManager.cpp]releaseLocked(): Released ID : 421274935
04-16 22:46:15.937  1735  1873 I HYPER-HAL: [RequestManager.cpp]acquire(): Acquired ID : 421346612  [1742 / 69934]    HINT :      list : [UCLAMP_MIN_BOOST / 0] [TIMEOUT / 50] [TID / 4203] [TID / 4204] [TID / 4086] [TID / 4210] 
04-16 22:46:15.938  3932  4203 E perf_hint: Session ID too large, must fit 32-bit integer
04-16 22:46:15.938  1742  1742 I SS_POWER_HINT_SESSION: SS_ADPF 3932-10051-3370 destroy
04-16 22:46:15.938  1735  1873 I HYPER-HAL: [RequestManager.cpp]acquire(): Acquired ID : 421274935  [1742 / 69933]    HINT :      list : [TID_LOW_LATENCY / 0] [TID / 4203] [TID / 4204] [TID / 4086] [TID / 4210] 
04-16 22:46:15.938  1735  1873 I HYPER-HAL: [RequestManager.cpp]releaseLocked(): Released ID : 421274935
04-16 22:46:15.938  1735  1873 I HYPER-HAL: [RequestManager.cpp]acquire(): Acquired ID : 421346612  [1742 / 69934]    HINT :      list : [UCLAMP_MIN_BOOST / 0] [TIMEOUT / 0] [TID / 4203] [TID / 4204] [TID / 4086] [TID / 4210] 
04-16 22:46:15.938  1735  1873 I HYPER-HAL: [RequestManager.cpp]releaseLocked(): Released ID : 421346612
04-16 22:46:15.940  1742  1742 I SS_POWER_HINT_SESSION: SS_ADPF 3932-10051-3370 PowerHintSession createHintSession : , 4203, 4204, 4086, 4210 : 16666667
04-16 22:46:15.940  1735  1873 I HYPER-HAL: [RequestManager.cpp]acquire(): Acquired ID : 421418290  [1742 / 69935]    HINT :      list : [TID_LOW_LATENCY / 1] [TID / 4203] [TID / 4204] [TID / 4086] [TID / 4210] 
04-16 22:46:15.940  2647  5754 D HintManagerService: SystemUI make new AppHintSession but force pause
04-16 22:46:15.940  1735  1873 I HYPER-HAL: [RequestManager.cpp]acquire(): Acquired ID : 421418290  [1742 / 69935]    HINT :      list : [TID_LOW_LATENCY / 0] [TID / 4203] [TID / 4204] [TID / 4086] [TID / 4210] 
04-16 22:46:15.940  1735  1873 I HYPER-HAL: [RequestManager.cpp]releaseLocked(): Released ID : 421418290
04-16 22:46:15.940  1735  1873 I HYPER-HAL: [RequestManager.cpp]acquire(): Acquired ID : 421489969  [1742 / 69936]    HINT :      list : [UCLAMP_MIN_BOOST / 0] [TIMEOUT / 50] [TID / 4203] [TID / 4204] [TID / 4086] [TID / 4210] 
04-16 22:46:15.940  3932  4204 E perf_hint: Session ID too large, must fit 32-bit integer
04-16 22:46:15.941  1742  1742 I SS_POWER_HINT_SESSION: SS_ADPF 3932-10051-3370 destroy
04-16 22:46:15.941  1735  1873 I HYPER-HAL: [RequestManager.cpp]acquire(): Acquired ID : 421418290  [1742 / 69935]    HINT :      list : [TID_LOW_LATENCY / 0] [TID / 4203] [TID / 4204] [TID / 4086] [TID / 4210] 
04-16 22:46:15.941  1735  1873 I HYPER-HAL: [RequestManager.cpp]releaseLocked(): Released ID : 421418290
04-16 22:46:15.941  1735  1873 I HYPER-HAL: [RequestManager.cpp]acquire(): Acquired ID : 421489969  [1742 / 69936]    HINT :      list : [UCLAMP_MIN_BOOST / 0] [TIMEOUT / 0] [TID / 4203] [TID / 4204] [TID / 4086] [TID / 4210] 
04-16 22:46:15.941  1735  1873 I HYPER-HAL: [RequestManager.cpp]releaseLocked(): Released ID : 421489969
04-16 22:46:15.941  1894  2629 I SurfaceFlinger: id=171291 Removed Surface(name=43fcfd0 helium314.keyboard.debug/helium314.keyboard.settings.SettingsActivity)/@0xa74c0d8 - animation-leash of starting_reveal#171291 (161)
04-16 22:46:15.941  1742  1742 I SS_POWER_HINT_SESSION: SS_ADPF 3932-10051-3370 PowerHintSession createHintSession : , 4203, 4204, 4086, 4210 : 16666667
04-16 22:46:15.941  1735  1873 I HYPER-HAL: [RequestManager.cpp]acquire(): Acquired ID : 421561649  [1742 / 69937]    HINT :      list : [TID_LOW_LATENCY / 1] [TID / 4203] [TID / 4204] [TID / 4086] [TID / 4210] 
04-16 22:46:15.941  2647  6895 D HintManagerService: SystemUI make new AppHintSession but force pause
04-16 22:46:15.941  1735  1873 I HYPER-HAL: [RequestManager.cpp]acquire(): Acquired ID : 421561649  [1742 / 69937]    HINT :      list : [TID_LOW_LATENCY / 0] [TID / 4203] [TID / 4204] [TID / 4086] [TID / 4210] 
04-16 22:46:15.941  1735  1873 I HYPER-HAL: [RequestManager.cpp]releaseLocked(): Released ID : 421561649
04-16 22:46:15.941  1735  1873 I HYPER-HAL: [RequestManager.cpp]acquire(): Acquired ID : 421633330  [1742 / 69938]    HINT :      list : [UCLAMP_MIN_BOOST / 0] [TIMEOUT / 50] [TID / 4203] [TID / 4204] [TID / 4086] [TID / 4210] 
04-16 22:46:15.942  1894  1894 E SurfaceFlinger: Out of order buffers detected for RequestedLayerState{com.sec.android.app.launcher/com.sec.android.app.launcher.activities.LauncherActivity$_4604#171252 parentId=170531} producedId=3165 frameNumber=170 -> producedId=3165 frameNumber=60
04-16 22:46:15.942  1894  1894 I SurfaceFlinger: destroyed Task=1847#171176 form LifecycleManager
04-16 22:46:15.942  1894  1894 I SurfaceFlinger: destroyed Task=1844#171076 form LifecycleManager
04-16 22:46:15.942  1894  1894 I SurfaceFlinger: destroyed Task=1845#171084 form LifecycleManager
04-16 22:46:15.942  1894  1894 I SurfaceFlinger: destroyed Task=1846#171161 form LifecycleManager
04-16 22:46:15.942  1894  1894 I SurfaceFlinger: destroyed Surface(name=43fcfd0 helium314.keyboard.debug/helium314.keyboard.settings.SettingsActivity)/@0xa74c0d8 - animation-leash of starting_reveal#171291 form LifecycleManager
04-16 22:46:15.942  1894  1894 I SurfaceFlinger: id=171176 onLayerDestroyed from LayerHierarchyBuilder(RequestedLayerState{Task=1847#171176 !handle z=11})
04-16 22:46:15.942  1894  1894 I SurfaceFlinger: id=171076 onLayerDestroyed from LayerHierarchyBuilder(RequestedLayerState{Task=1844#171076 !handle z=12})
04-16 22:46:15.942  1894  1894 I SurfaceFlinger: id=171084 onLayerDestroyed from LayerHierarchyBuilder(RequestedLayerState{Task=1845#171084 !handle z=11})
04-16 22:46:15.942  1894  1894 I SurfaceFlinger: id=171161 onLayerDestroyed from LayerHierarchyBuilder(RequestedLayerState{Task=1846#171161 !handle z=11})
04-16 22:46:15.942  1894  1894 I SurfaceFlinger: id=171291 onLayerDestroyed from LayerHierarchyBuilder(RequestedLayerState{Surface(name=43fcfd0 helium314.keyboard.debug/helium314.keyboard.settings.SettingsActivity)/@0xa74c0d8 - animation-leash of starting_reveal#171291 !handle})
04-16 22:46:15.942  1894  1894 I Layer   : id=171176 Destroyed Task=1847#171176
04-16 22:46:15.942  1894  1894 I Layer   : id=171076 Destroyed Task=1844#171076
04-16 22:46:15.942  1894  1894 I Layer   : id=171084 Destroyed Task=1845#171084
04-16 22:46:15.942  1894  1894 I Layer   : id=171161 Destroyed Task=1846#171161
04-16 22:46:15.942  1894  1894 I Layer   : id=171291 Destroyed Surface(name=43fcfd0 helium314.keyboard.debug/helium314.keyboard.settings.SettingsActivity)/@0xa74c0d8 - animation-leash of starting_reveal#171291
04-16 22:46:15.942  3932  4203 E perf_hint: Session ID too large, must fit 32-bit integer
04-16 22:46:15.942  4604  6943 I VRI[LauncherActivity]@3ca89a7: mWNT: t=0xb400006f2772e990 mBlastBufferQueue=0xb400006f379ec510 fn= 61 HdrRenderState mRenderHdrSdrRatio=1.0 caller= com.android.systemui.shared.launcher.ViewRootImplCompat.mergeWithNextTransaction:4 com.honeyspace.transition.utils.SurfaceTransactionApplier.scheduleApply$lambda$1:16 com.honeyspace.transition.utils.SurfaceTransactionApplier.b:0 
04-16 22:46:15.942  1735  1873 I HYPER-HAL: [RequestManager.cpp]acquire(): Acquired ID : 421561649  [1742 / 69937]    HINT :      list : [TID_LOW_LATENCY / 0] [TID / 4203] [TID / 4204] [TID / 4086] [TID / 4210] 
04-16 22:46:15.942  1742  1742 I SS_POWER_HINT_SESSION: SS_ADPF 3932-10051-3370 destroy
04-16 22:46:15.942  1735  1873 I HYPER-HAL: [RequestManager.cpp]releaseLocked(): Released ID : 421561649
04-16 22:46:15.942  1735  1873 I HYPER-HAL: [RequestManager.cpp]acquire(): Acquired ID : 421633330  [1742 / 69938]    HINT :      list : [UCLAMP_MIN_BOOST / 0] [TIMEOUT / 0] [TID / 4203] [TID / 4204] [TID / 4086] [TID / 4210] 
04-16 22:46:15.942  1735  1873 I HYPER-HAL: [RequestManager.cpp]releaseLocked(): Released ID : 421633330
04-16 22:46:15.942  1742  1742 I SS_POWER_HINT_SESSION: SS_ADPF 3932-10051-3370 PowerHintSession createHintSession : , 4203, 4204, 4086, 4210 : 16666667
04-16 22:46:15.943  1735  1873 I HYPER-HAL: [RequestManager.cpp]acquire(): Acquired ID : 421705012  [1742 / 69939]    HINT :      list : [TID_LOW_LATENCY / 1] [TID / 4203] [TID / 4204] [TID / 4086] [TID / 4210] 
04-16 22:46:15.943  2647  4634 D HintManagerService: SystemUI make new AppHintSession but force pause
04-16 22:46:15.943  1735  1873 I HYPER-HAL: [RequestManager.cpp]acquire(): Acquired ID : 421705012  [1742 / 69939]    HINT :      list : [TID_LOW_LATENCY / 0] [TID / 4203] [TID / 4204] [TID / 4086] [TID / 4210] 
04-16 22:46:15.943  1735  1873 I HYPER-HAL: [RequestManager.cpp]releaseLocked(): Released ID : 421705012
04-16 22:46:15.943  1735  1873 I HYPER-HAL: [RequestManager.cpp]acquire(): Acquired ID : 421776695  [1742 / 69940]    HINT :      list : [UCLAMP_MIN_BOOST / 0] [TIMEOUT / 50] [TID / 4203] [TID / 4204] [TID / 4086] [TID / 4210] 
04-16 22:46:15.943  3932  4204 E perf_hint: Session ID too large, must fit 32-bit integer
04-16 22:46:15.943  1742  1742 I SS_POWER_HINT_SESSION: SS_ADPF 3932-10051-3370 destroy
04-16 22:46:15.943  1735  1873 I HYPER-HAL: [RequestManager.cpp]acquire(): Acquired ID : 421705012  [1742 / 69939]    HINT :      list : [TID_LOW_LATENCY / 0] [TID / 4203] [TID / 4204] [TID / 4086] [TID / 4210] 
04-16 22:46:15.943  1735  1873 I HYPER-HAL: [RequestManager.cpp]releaseLocked(): Released ID : 421705012
04-16 22:46:15.943  1735  1873 I HYPER-HAL: [RequestManager.cpp]acquire(): Acquired ID : 421776695  [1742 / 69940]    HINT :      list : [UCLAMP_MIN_BOOST / 0] [TIMEOUT / 0] [TID / 4203] [TID / 4204] [TID / 4086] [TID / 4210] 
04-16 22:46:15.943  1735  1873 I HYPER-HAL: [RequestManager.cpp]releaseLocked(): Released ID : 421776695
04-16 22:46:15.946  1742  1742 I SS_POWER_HINT_SESSION: SS_ADPF 3932-10051-7df0 destroy
04-16 22:46:15.946  1735  1873 I HYPER-HAL: [RequestManager.cpp]acquire(): Acquired ID : 420988237  [1742 / 69929]    HINT :      list : [TID_LOW_LATENCY / 0] [TID / 4203] [TID / 4204] [TID / 4086] [TID / 4210] 
04-16 22:46:15.946  1735  1873 I HYPER-HAL: [RequestManager.cpp]releaseLocked(): Released ID : 420988237
04-16 22:46:15.946  1735  1873 I HYPER-HAL: [RequestManager.cpp]acquire(): Acquired ID : 421059910  [1742 / 69930]    HINT :      list : [UCLAMP_MIN_BOOST / 0] [TIMEOUT / 0] [TID / 4203] [TID / 4204] [TID / 4086] [TID / 4210] 
04-16 22:46:15.946  1735  1873 I HYPER-HAL: [RequestManager.cpp]releaseLocked(): Released ID : 421059910
04-16 22:46:15.947  3932  3958 W System  : A resource failed to call release. 
04-16 22:46:15.947  3932  3958 W System  : A resource failed to call release. 
04-16 22:46:15.947  3932  3958 W System  : A resource failed to call release. 
04-16 22:46:15.947  3932  3958 W System  : A resource failed to call release. 
04-16 22:46:15.947  3932  3958 W System  : A resource failed to call release. 
04-16 22:46:15.947  3932  3958 W System  : A resource failed to call release. 
04-16 22:46:15.947  3932  3958 W System  : A resource failed to call release. 
04-16 22:46:15.947  3932  3958 W System  : A resource failed to call release. 
04-16 22:46:15.947  3932  3958 W System  : A resource failed to call release. 
04-16 22:46:15.947  3932  3958 W System  : A resource failed to call release. 
04-16 22:46:15.947  3932  3958 W System  : A resource failed to call release. 
04-16 22:46:15.947  3932  3958 W System  : A resource failed to call release. 
04-16 22:46:15.947  3932  3958 W System  : A resource failed to call release. 
04-16 22:46:15.947  3932  3958 W System  : A resource failed to call release. 
04-16 22:46:15.947  3932  3958 W System  : A resource failed to call release. 
04-16 22:46:15.947  3932  3958 W System  : A resource failed to call release. 
04-16 22:46:15.947  3932  3958 W System  : A resource failed to call release. 
04-16 22:46:15.948  3932  3958 W System  : A resource failed to call release. 
04-16 22:46:15.948  3932  3958 W System  : A resource failed to call release. 
04-16 22:46:15.948  3932  3958 W System  : A resource failed to call release. 
04-16 22:46:15.948  3932  3958 W System  : A resource failed to call release. 
04-16 22:46:15.948  3932  3958 W System  : A resource failed to call release. 
04-16 22:46:15.948  3932  3958 W System  : A resource failed to call release. 
04-16 22:46:15.948  3932  3958 W System  : A resource failed to call release. 
04-16 22:46:15.948  3932  3958 W System  : A resource failed to call release. 
04-16 22:46:15.948  3932  3958 W System  : A resource failed to call release. 
04-16 22:46:15.948  3932  3958 W System  : A resource failed to call release. 
04-16 22:46:15.948  3932  3958 W System  : A resource failed to call release. 
04-16 22:46:15.948  3932  3958 W System  : A resource failed to call release. 
04-16 22:46:15.948  3932  3958 W System  : A resource failed to call release. 
04-16 22:46:15.948  3932  3958 W System  : A resource failed to call release. 
04-16 22:46:15.949  3932  3958 W System  : A resource failed to call release. 
04-16 22:46:15.949  3932  3958 W System  : A resource failed to call release. 
04-16 22:46:15.949  3932  3958 W System  : A resource failed to call release. 
04-16 22:46:15.949  3932  3958 W System  : A resource failed to call release. 
04-16 22:46:15.950  1894  1894 E SurfaceFlinger: Out of order buffers detected for RequestedLayerState{com.sec.android.app.launcher/com.sec.android.app.launcher.activities.LauncherActivity$_4604#171252 parentId=170531} producedId=3165 frameNumber=170 -> producedId=3165 frameNumber=61
04-16 22:46:15.950  1729 24765 I sensors-hal: handle_sns_std_sensor_event:408, [SSC_LIGHT] P: 40(40),c:1,b:87,m:13,cl:0,l:10,s:8,l0:1888,l1:0,s0:1500,s1:0,acl:1,opr:0.22,f(r):83,u(bl):100,if:83,wi:0,si:0,0(N:0)
04-16 22:46:15.950  4604  6942 I VRI[LauncherActivity]@3ca89a7: mWNT: t=0xb400006f276f7250 mBlastBufferQueue=0xb400006f379ec510 fn= 62 HdrRenderState mRenderHdrSdrRatio=1.0 caller= com.android.systemui.shared.launcher.ViewRootImplCompat.mergeWithNextTransaction:4 com.honeyspace.transition.utils.SurfaceTransactionApplier.scheduleApply$lambda$1:16 com.honeyspace.transition.utils.SurfaceTransactionApplier.b:0 
04-16 22:46:15.958  1894  1894 E SurfaceFlinger: Out of order buffers detected for RequestedLayerState{com.sec.android.app.launcher/com.sec.android.app.launcher.activities.LauncherActivity$_4604#171252 parentId=170531} producedId=3165 frameNumber=170 -> producedId=3165 frameNumber=62
04-16 22:46:15.959  4604  6943 I VRI[LauncherActivity]@3ca89a7: mWNT: t=0xb400006f27722750 mBlastBufferQueue=0xb400006f379ec510 fn= 63 HdrRenderState mRenderHdrSdrRatio=1.0 caller= com.android.systemui.shared.launcher.ViewRootImplCompat.mergeWithNextTransaction:4 com.honeyspace.transition.utils.SurfaceTransactionApplier.scheduleApply$lambda$1:16 com.honeyspace.transition.utils.SurfaceTransactionApplier.b:0 
04-16 22:46:15.966  1894  1894 E SurfaceFlinger: Out of order buffers detected for RequestedLayerState{com.sec.android.app.launcher/com.sec.android.app.launcher.activities.LauncherActivity$_4604#171252 parentId=170531} producedId=3165 frameNumber=170 -> producedId=3165 frameNumber=63
04-16 22:46:15.967  4604  6942 I VRI[LauncherActivity]@3ca89a7: mWNT: t=0xb400006f277794d0 mBlastBufferQueue=0xb400006f379ec510 fn= 64 HdrRenderState mRenderHdrSdrRatio=1.0 caller= com.android.systemui.shared.launcher.ViewRootImplCompat.mergeWithNextTransaction:4 com.honeyspace.transition.utils.SurfaceTransactionApplier.scheduleApply$lambda$1:16 com.honeyspace.transition.utils.SurfaceTransactionApplier.b:0 
04-16 22:46:15.975  1894  1894 E SurfaceFlinger: Out of order buffers detected for RequestedLayerState{com.sec.android.app.launcher/com.sec.android.app.launcher.activities.LauncherActivity$_4604#171252 parentId=170531} producedId=3165 frameNumber=170 -> producedId=3165 frameNumber=64
04-16 22:46:15.975  4604  6943 I VRI[LauncherActivity]@3ca89a7: mWNT: t=0xb400006f27712610 mBlastBufferQueue=0xb400006f379ec510 fn= 65 HdrRenderState mRenderHdrSdrRatio=1.0 caller= com.android.systemui.shared.launcher.ViewRootImplCompat.mergeWithNextTransaction:4 com.honeyspace.transition.utils.SurfaceTransactionApplier.scheduleApply$lambda$1:16 com.honeyspace.transition.utils.SurfaceTransactionApplier.b:0 
04-16 22:46:15.983  1894  1894 E SurfaceFlinger: Out of order buffers detected for RequestedLayerState{com.sec.android.app.launcher/com.sec.android.app.launcher.activities.LauncherActivity$_4604#171252 parentId=170531} producedId=3165 frameNumber=170 -> producedId=3165 frameNumber=65
04-16 22:46:15.983  4604  6942 I VRI[LauncherActivity]@3ca89a7: mWNT: t=0xb400006f2779bf90 mBlastBufferQueue=0xb400006f379ec510 fn= 66 HdrRenderState mRenderHdrSdrRatio=1.0 caller= com.android.systemui.shared.launcher.ViewRootImplCompat.mergeWithNextTransaction:4 com.honeyspace.transition.utils.SurfaceTransactionApplier.scheduleApply$lambda$1:16 com.honeyspace.transition.utils.SurfaceTransactionApplier.b:0 
04-16 22:46:15.991  1894  1894 E SurfaceFlinger: Out of order buffers detected for RequestedLayerState{com.sec.android.app.launcher/com.sec.android.app.launcher.activities.LauncherActivity$_4604#171252 parentId=170531} producedId=3165 frameNumber=170 -> producedId=3165 frameNumber=66
04-16 22:46:15.992  4604  6943 I VRI[LauncherActivity]@3ca89a7: mWNT: t=0xb400006f277525d0 mBlastBufferQueue=0xb400006f379ec510 fn= 67 HdrRenderState mRenderHdrSdrRatio=1.0 caller= com.android.systemui.shared.launcher.ViewRootImplCompat.mergeWithNextTransaction:4 com.honeyspace.transition.utils.SurfaceTransactionApplier.scheduleApply$lambda$1:16 com.honeyspace.transition.utils.SurfaceTransactionApplier.b:0 
04-16 22:46:16.000  1894  1894 E SurfaceFlinger: Out of order buffers detected for RequestedLayerState{com.sec.android.app.launcher/com.sec.android.app.launcher.activities.LauncherActivity$_4604#171252 parentId=170531} producedId=3165 frameNumber=170 -> producedId=3165 frameNumber=67
04-16 22:46:16.000  4604  6942 I VRI[LauncherActivity]@3ca89a7: mWNT: t=0xb400006f276f0790 mBlastBufferQueue=0xb400006f379ec510 fn= 68 HdrRenderState mRenderHdrSdrRatio=1.0 caller= com.android.systemui.shared.launcher.ViewRootImplCompat.mergeWithNextTransaction:4 com.honeyspace.transition.utils.SurfaceTransactionApplier.scheduleApply$lambda$1:16 com.honeyspace.transition.utils.SurfaceTransactionApplier.b:0 
04-16 22:46:16.008  1894  1894 E SurfaceFlinger: Out of order buffers detected for RequestedLayerState{com.sec.android.app.launcher/com.sec.android.app.launcher.activities.LauncherActivity$_4604#171252 parentId=170531} producedId=3165 frameNumber=170 -> producedId=3165 frameNumber=68
04-16 22:46:16.008  4604  6943 I VRI[LauncherActivity]@3ca89a7: mWNT: t=0xb400006f2777d050 mBlastBufferQueue=0xb400006f379ec510 fn= 69 HdrRenderState mRenderHdrSdrRatio=1.0 caller= com.android.systemui.shared.launcher.ViewRootImplCompat.mergeWithNextTransaction:4 com.honeyspace.transition.utils.SurfaceTransactionApplier.scheduleApply$lambda$1:16 com.honeyspace.transition.utils.SurfaceTransactionApplier.b:0 
04-16 22:46:16.016  1894  1894 E SurfaceFlinger: Out of order buffers detected for RequestedLayerState{com.sec.android.app.launcher/com.sec.android.app.launcher.activities.LauncherActivity$_4604#171252 parentId=170531} producedId=3165 frameNumber=170 -> producedId=3165 frameNumber=69
04-16 22:46:16.017  4604  6942 I VRI[LauncherActivity]@3ca89a7: mWNT: t=0xb400006f27777390 mBlastBufferQueue=0xb400006f379ec510 fn= 70 HdrRenderState mRenderHdrSdrRatio=1.0 caller= com.android.systemui.shared.launcher.ViewRootImplCompat.mergeWithNextTransaction:4 com.honeyspace.transition.utils.SurfaceTransactionApplier.scheduleApply$lambda$1:16 com.honeyspace.transition.utils.SurfaceTransactionApplier.b:0 
04-16 22:46:16.025  1894  1894 E SurfaceFlinger: Out of order buffers detected for RequestedLayerState{com.sec.android.app.launcher/com.sec.android.app.launcher.activities.LauncherActivity$_4604#171252 parentId=170531} producedId=3165 frameNumber=170 -> producedId=3165 frameNumber=70
04-16 22:46:16.025  4604  6943 I VRI[LauncherActivity]@3ca89a7: mWNT: t=0xb400006f2776fc90 mBlastBufferQueue=0xb400006f379ec510 fn= 71 HdrRenderState mRenderHdrSdrRatio=1.0 caller= com.android.systemui.shared.launcher.ViewRootImplCompat.mergeWithNextTransaction:4 com.honeyspace.transition.utils.SurfaceTransactionApplier.scheduleApply$lambda$1:16 com.honeyspace.transition.utils.SurfaceTransactionApplier.b:0 
04-16 22:46:16.025  1116  1116 D io_stats: !@   8,0 r 69788547 1386849832 w 27745907 423284748 d 2656312 749598832 f 495148 2846665 iot 6365260 0 th 0 0 0 pt 0 inp 0 0 425533.959
04-16 22:46:16.033  1894  1894 E SurfaceFlinger: Out of order buffers detected for RequestedLayerState{com.sec.android.app.launcher/com.sec.android.app.launcher.activities.LauncherActivity$_4604#171252 parentId=170531} producedId=3165 frameNumber=170 -> producedId=3165 frameNumber=71
04-16 22:46:16.033  4604  6942 I VRI[LauncherActivity]@3ca89a7: mWNT: t=0xb400006f2778b750 mBlastBufferQueue=0xb400006f379ec510 fn= 72 HdrRenderState mRenderHdrSdrRatio=1.0 caller= com.android.systemui.shared.launcher.ViewRootImplCompat.mergeWithNextTransaction:4 com.honeyspace.transition.utils.SurfaceTransactionApplier.scheduleApply$lambda$1:16 com.honeyspace.transition.utils.SurfaceTransactionApplier.b:0 
04-16 22:46:16.041  1894  1894 E SurfaceFlinger: Out of order buffers detected for RequestedLayerState{com.sec.android.app.launcher/com.sec.android.app.launcher.activities.LauncherActivity$_4604#171252 parentId=170531} producedId=3165 frameNumber=170 -> producedId=3165 frameNumber=72
04-16 22:46:16.042  4604  6943 I VRI[LauncherActivity]@3ca89a7: mWNT: t=0xb400006f276e1290 mBlastBufferQueue=0xb400006f379ec510 fn= 73 HdrRenderState mRenderHdrSdrRatio=1.0 caller= com.android.systemui.shared.launcher.ViewRootImplCompat.mergeWithNextTransaction:4 com.honeyspace.transition.utils.SurfaceTransactionApplier.scheduleApply$lambda$1:16 com.honeyspace.transition.utils.SurfaceTransactionApplier.b:0 
04-16 22:46:16.050  1894  1894 E SurfaceFlinger: Out of order buffers detected for RequestedLayerState{com.sec.android.app.launcher/com.sec.android.app.launcher.activities.LauncherActivity$_4604#171252 parentId=170531} producedId=3165 frameNumber=170 -> producedId=3165 frameNumber=73
04-16 22:46:16.050  4604  4604 E SurfaceComposerClient: SurfaceComposerClient::Transaction::setAlpha: invalid alpha -0.015027, clamping
04-16 22:46:16.050  4604  6942 I VRI[LauncherActivity]@3ca89a7: mWNT: t=0xb400006f27771dd0 mBlastBufferQueue=0xb400006f379ec510 fn= 74 HdrRenderState mRenderHdrSdrRatio=1.0 caller= com.android.systemui.shared.launcher.ViewRootImplCompat.mergeWithNextTransaction:4 com.honeyspace.transition.utils.SurfaceTransactionApplier.scheduleApply$lambda$1:16 com.honeyspace.transition.utils.SurfaceTransactionApplier.b:0 
04-16 22:46:16.058  1894  1894 E SurfaceFlinger: Out of order buffers detected for RequestedLayerState{com.sec.android.app.launcher/com.sec.android.app.launcher.activities.LauncherActivity$_4604#171252 parentId=170531} producedId=3165 frameNumber=170 -> producedId=3165 frameNumber=74
04-16 22:46:16.058  1894  1894 E SurfaceFlinger: alpha changed 0.002 -> 0.000 - Surface(name=Task=1854)/@0x50a1bfc_transition-leash#171353
04-16 22:46:16.058  4604  4604 E SurfaceComposerClient: SurfaceComposerClient::Transaction::setAlpha: invalid alpha -0.027246, clamping
04-16 22:46:16.058  4604  6943 I VRI[LauncherActivity]@3ca89a7: mWNT: t=0xb400006f276d5210 mBlastBufferQueue=0xb400006f379ec510 fn= 75 HdrRenderState mRenderHdrSdrRatio=1.0 caller= com.android.systemui.shared.launcher.ViewRootImplCompat.mergeWithNextTransaction:4 com.honeyspace.transition.utils.SurfaceTransactionApplier.scheduleApply$lambda$1:16 com.honeyspace.transition.utils.SurfaceTransactionApplier.b:0 
04-16 22:46:16.066  1894  1894 E SurfaceFlinger: Out of order buffers detected for RequestedLayerState{com.sec.android.app.launcher/com.sec.android.app.launcher.activities.LauncherActivity$_4604#171252 parentId=170531} producedId=3165 frameNumber=170 -> producedId=3165 frameNumber=75
04-16 22:46:16.066  4604  4604 E SurfaceComposerClient: SurfaceComposerClient::Transaction::setAlpha: invalid alpha -0.036481, clamping
04-16 22:46:16.066  4604  6942 I VRI[LauncherActivity]@3ca89a7: mWNT: t=0xb400006f27778350 mBlastBufferQueue=0xb400006f379ec510 fn= 76 HdrRenderState mRenderHdrSdrRatio=1.0 caller= com.android.systemui.shared.launcher.ViewRootImplCompat.mergeWithNextTransaction:4 com.honeyspace.transition.utils.SurfaceTransactionApplier.scheduleApply$lambda$1:16 com.honeyspace.transition.utils.SurfaceTransactionApplier.b:0 
04-16 22:46:16.075  1894  1894 E SurfaceFlinger: Out of order buffers detected for RequestedLayerState{com.sec.android.app.launcher/com.sec.android.app.launcher.activities.LauncherActivity$_4604#171252 parentId=170531} producedId=3165 frameNumber=170 -> producedId=3165 frameNumber=76
04-16 22:46:16.075  4604  4604 E SurfaceComposerClient: SurfaceComposerClient::Transaction::setAlpha: invalid alpha -0.042084, clamping
04-16 22:46:16.075  4604  6943 I VRI[LauncherActivity]@3ca89a7: mWNT: t=0xb400006f27749810 mBlastBufferQueue=0xb400006f379ec510 fn= 77 HdrRenderState mRenderHdrSdrRatio=1.0 caller= com.android.systemui.shared.launcher.ViewRootImplCompat.mergeWithNextTransaction:4 com.honeyspace.transition.utils.SurfaceTransactionApplier.scheduleApply$lambda$1:16 com.honeyspace.transition.utils.SurfaceTransactionApplier.b:0 
04-16 22:46:16.083  1894  1894 E SurfaceFlinger: Out of order buffers detected for RequestedLayerState{com.sec.android.app.launcher/com.sec.android.app.launcher.activities.LauncherActivity$_4604#171252 parentId=170531} producedId=3165 frameNumber=170 -> producedId=3165 frameNumber=77
04-16 22:46:16.083  4604  4604 E SurfaceComposerClient: SurfaceComposerClient::Transaction::setAlpha: invalid alpha -0.047539, clamping
04-16 22:46:16.083  4604  6942 I VRI[LauncherActivity]@3ca89a7: mWNT: t=0xb400006f276ec6d0 mBlastBufferQueue=0xb400006f379ec510 fn= 78 HdrRenderState mRenderHdrSdrRatio=1.0 caller= com.android.systemui.shared.launcher.ViewRootImplCompat.mergeWithNextTransaction:4 com.honeyspace.transition.utils.SurfaceTransactionApplier.scheduleApply$lambda$1:16 com.honeyspace.transition.utils.SurfaceTransactionApplier.b:0 
04-16 22:46:16.091  1894  1894 E SurfaceFlinger: Out of order buffers detected for RequestedLayerState{com.sec.android.app.launcher/com.sec.android.app.launcher.activities.LauncherActivity$_4604#171252 parentId=170531} producedId=3165 frameNumber=170 -> producedId=3165 frameNumber=78
04-16 22:46:16.091  4604  4604 E SurfaceComposerClient: SurfaceComposerClient::Transaction::setAlpha: invalid alpha -0.048903, clamping
04-16 22:46:16.091  4604  6943 I VRI[LauncherActivity]@3ca89a7: mWNT: t=0xb400006f27734f10 mBlastBufferQueue=0xb400006f379ec510 fn= 79 HdrRenderState mRenderHdrSdrRatio=1.0 caller= com.android.systemui.shared.launcher.ViewRootImplCompat.mergeWithNextTransaction:4 com.honeyspace.transition.utils.SurfaceTransactionApplier.scheduleApply$lambda$1:16 com.honeyspace.transition.utils.SurfaceTransactionApplier.b:0 
04-16 22:46:16.100  1894  1894 E SurfaceFlinger: Out of order buffers detected for RequestedLayerState{com.sec.android.app.launcher/com.sec.android.app.launcher.activities.LauncherActivity$_4604#171252 parentId=170531} producedId=3165 frameNumber=170 -> producedId=3165 frameNumber=79
04-16 22:46:16.100  4604  4604 E SurfaceComposerClient: SurfaceComposerClient::Transaction::setAlpha: invalid alpha -0.050268, clamping
04-16 22:46:16.100  4604  6942 I VRI[LauncherActivity]@3ca89a7: mWNT: t=0xb400006f2776e950 mBlastBufferQueue=0xb400006f379ec510 fn= 80 HdrRenderState mRenderHdrSdrRatio=1.0 caller= com.android.systemui.shared.launcher.ViewRootImplCompat.mergeWithNextTransaction:4 com.honeyspace.transition.utils.SurfaceTransactionApplier.scheduleApply$lambda$1:16 com.honeyspace.transition.utils.SurfaceTransactionApplier.b:0 
04-16 22:46:16.108  1894  1894 E SurfaceFlinger: Out of order buffers detected for RequestedLayerState{com.sec.android.app.launcher/com.sec.android.app.launcher.activities.LauncherActivity$_4604#171252 parentId=170531} producedId=3165 frameNumber=170 -> producedId=3165 frameNumber=80
04-16 22:46:16.108  4604  4604 E SurfaceComposerClient: SurfaceComposerClient::Transaction::setAlpha: invalid alpha -0.049232, clamping
04-16 22:46:16.108  4604  6943 I VRI[LauncherActivity]@3ca89a7: mWNT: t=0xb400006f276d4250 mBlastBufferQueue=0xb400006f379ec510 fn= 81 HdrRenderState mRenderHdrSdrRatio=1.0 caller= com.android.systemui.shared.launcher.ViewRootImplCompat.mergeWithNextTransaction:4 com.honeyspace.transition.utils.SurfaceTransactionApplier.scheduleApply$lambda$1:16 com.honeyspace.transition.utils.SurfaceTransactionApplier.b:0 
04-16 22:46:16.110  1729 24765 I sensors-hal: handle_sns_std_sensor_event:408, [SSC_LIGHT] P: 10(10),c:7,b:87,m:13,cl:1,l:10,s:10,l0:2080,l1:0,s0:2000,s1:0,acl:1,opr:0.28,f(r):83,u(bl):100,if:83,wi:0,si:0,0(N:0)
04-16 22:46:16.116  1894  1894 E SurfaceFlinger: Out of order buffers detected for RequestedLayerState{com.sec.android.app.launcher/com.sec.android.app.launcher.activities.LauncherActivity$_4604#171252 parentId=170531} producedId=3165 frameNumber=170 -> producedId=3165 frameNumber=81
04-16 22:46:16.116  4604  4604 E SurfaceComposerClient: SurfaceComposerClient::Transaction::setAlpha: invalid alpha -0.047134, clamping
04-16 22:46:16.116  4604  6942 I VRI[LauncherActivity]@3ca89a7: mWNT: t=0xb400006f27711650 mBlastBufferQueue=0xb400006f379ec510 fn= 82 HdrRenderState mRenderHdrSdrRatio=1.0 caller= com.android.systemui.shared.launcher.ViewRootImplCompat.mergeWithNextTransaction:4 com.honeyspace.transition.utils.SurfaceTransactionApplier.scheduleApply$lambda$1:16 com.honeyspace.transition.utils.SurfaceTransactionApplier.b:0 
04-16 22:46:16.124  1894  1894 E SurfaceFlinger: Out of order buffers detected for RequestedLayerState{com.sec.android.app.launcher/com.sec.android.app.launcher.activities.LauncherActivity$_4604#171252 parentId=170531} producedId=3165 frameNumber=170 -> producedId=3165 frameNumber=82
04-16 22:46:16.125  4604  4604 E SurfaceComposerClient: SurfaceComposerClient::Transaction::setAlpha: invalid alpha -0.045035, clamping
04-16 22:46:16.125  4604  6943 I VRI[LauncherActivity]@3ca89a7: mWNT: t=0xb400006f27747890 mBlastBufferQueue=0xb400006f379ec510 fn= 83 HdrRenderState mRenderHdrSdrRatio=1.0 caller= com.android.systemui.shared.launcher.ViewRootImplCompat.mergeWithNextTransaction:4 com.honeyspace.transition.utils.SurfaceTransactionApplier.scheduleApply$lambda$1:16 com.honeyspace.transition.utils.SurfaceTransactionApplier.b:0 
04-16 22:46:16.133  1894  1894 E SurfaceFlinger: Out of order buffers detected for RequestedLayerState{com.sec.android.app.launcher/com.sec.android.app.launcher.activities.LauncherActivity$_4604#171252 parentId=170531} producedId=3165 frameNumber=170 -> producedId=3165 frameNumber=83
04-16 22:46:16.133  4604  4604 E SurfaceComposerClient: SurfaceComposerClient::Transaction::setAlpha: invalid alpha -0.040076, clamping
04-16 22:46:16.133  4604  6942 I VRI[LauncherActivity]@3ca89a7: mWNT: t=0xb400006f27727d10 mBlastBufferQueue=0xb400006f379ec510 fn= 84 HdrRenderState mRenderHdrSdrRatio=1.0 caller= com.android.systemui.shared.launcher.ViewRootImplCompat.mergeWithNextTransaction:4 com.honeyspace.transition.utils.SurfaceTransactionApplier.scheduleApply$lambda$1:16 com.honeyspace.transition.utils.SurfaceTransactionApplier.b:0 
04-16 22:46:16.141  1894  1894 E SurfaceFlinger: Out of order buffers detected for RequestedLayerState{com.sec.android.app.launcher/com.sec.android.app.launcher.activities.LauncherActivity$_4604#171252 parentId=170531} producedId=3165 frameNumber=170 -> producedId=3165 frameNumber=84
04-16 22:46:16.141  4604  4604 E SurfaceComposerClient: SurfaceComposerClient::Transaction::setAlpha: invalid alpha -0.035116, clamping
04-16 22:46:16.141  4604  6943 I VRI[LauncherActivity]@3ca89a7: mWNT: t=0xb400006f27751610 mBlastBufferQueue=0xb400006f379ec510 fn= 85 HdrRenderState mRenderHdrSdrRatio=1.0 caller= com.android.systemui.shared.launcher.ViewRootImplCompat.mergeWithNextTransaction:4 com.honeyspace.transition.utils.SurfaceTransactionApplier.scheduleApply$lambda$1:16 com.honeyspace.transition.utils.SurfaceTransactionApplier.b:0 
04-16 22:46:16.149  1894  1894 E SurfaceFlinger: Out of order buffers detected for RequestedLayerState{com.sec.android.app.launcher/com.sec.android.app.launcher.activities.LauncherActivity$_4604#171252 parentId=170531} producedId=3165 frameNumber=170 -> producedId=3165 frameNumber=85
04-16 22:46:16.150  4604  4604 E SurfaceComposerClient: SurfaceComposerClient::Transaction::setAlpha: invalid alpha -0.030155, clamping
04-16 22:46:16.150  4604  6942 I VRI[LauncherActivity]@3ca89a7: mWNT: t=0xb400006f2774c050 mBlastBufferQueue=0xb400006f379ec510 fn= 86 HdrRenderState mRenderHdrSdrRatio=1.0 caller= com.android.systemui.shared.launcher.ViewRootImplCompat.mergeWithNextTransaction:4 com.honeyspace.transition.utils.SurfaceTransactionApplier.scheduleApply$lambda$1:16 com.honeyspace.transition.utils.SurfaceTransactionApplier.b:0 
04-16 22:46:16.158  1894  1894 E SurfaceFlinger: Out of order buffers detected for RequestedLayerState{com.sec.android.app.launcher/com.sec.android.app.launcher.activities.LauncherActivity$_4604#171252 parentId=170531} producedId=3165 frameNumber=170 -> producedId=3165 frameNumber=86
04-16 22:46:16.158  4604  4604 E SurfaceComposerClient: SurfaceComposerClient::Transaction::setAlpha: invalid alpha -0.023893, clamping
04-16 22:46:16.158  4604  6943 I VRI[LauncherActivity]@3ca89a7: mWNT: t=0xb400006f277381d0 mBlastBufferQueue=0xb400006f379ec510 fn= 87 HdrRenderState mRenderHdrSdrRatio=1.0 caller= com.android.systemui.shared.launcher.ViewRootImplCompat.mergeWithNextTransaction:4 com.honeyspace.transition.utils.SurfaceTransactionApplier.scheduleApply$lambda$1:16 com.honeyspace.transition.utils.SurfaceTransactionApplier.b:0 
04-16 22:46:16.166  1894  1894 E SurfaceFlinger: Out of order buffers detected for RequestedLayerState{com.sec.android.app.launcher/com.sec.android.app.launcher.activities.LauncherActivity$_4604#171252 parentId=170531} producedId=3165 frameNumber=170 -> producedId=3165 frameNumber=87
04-16 22:46:16.166  4604  4604 E SurfaceComposerClient: SurfaceComposerClient::Transaction::setAlpha: invalid alpha -0.015622, clamping
04-16 22:46:16.166  4604  6942 I VRI[LauncherActivity]@3ca89a7: mWNT: t=0xb400006f276f3350 mBlastBufferQueue=0xb400006f379ec510 fn= 88 HdrRenderState mRenderHdrSdrRatio=1.0 caller= com.android.systemui.shared.launcher.ViewRootImplCompat.mergeWithNextTransaction:4 com.honeyspace.transition.utils.SurfaceTransactionApplier.scheduleApply$lambda$1:16 com.honeyspace.transition.utils.SurfaceTransactionApplier.b:0 
04-16 22:46:16.174  1894  1894 E SurfaceFlinger: Out of order buffers detected for RequestedLayerState{com.sec.android.app.launcher/com.sec.android.app.launcher.activities.LauncherActivity$_4604#171252 parentId=170531} producedId=3165 frameNumber=170 -> producedId=3165 frameNumber=88
04-16 22:46:16.175  4604  4604 E SurfaceComposerClient: SurfaceComposerClient::Transaction::setAlpha: invalid alpha -0.008271, clamping
04-16 22:46:16.175  4604  6943 I VRI[LauncherActivity]@3ca89a7: mWNT: t=0xb400006f2771d510 mBlastBufferQueue=0xb400006f379ec510 fn= 89 HdrRenderState mRenderHdrSdrRatio=1.0 caller= com.android.systemui.shared.launcher.ViewRootImplCompat.mergeWithNextTransaction:4 com.honeyspace.transition.utils.SurfaceTransactionApplier.scheduleApply$lambda$1:16 com.honeyspace.transition.utils.SurfaceTransactionApplier.b:0 
04-16 22:46:16.183  1894  1894 E SurfaceFlinger: Out of order buffers detected for RequestedLayerState{com.sec.android.app.launcher/com.sec.android.app.launcher.activities.LauncherActivity$_4604#171252 parentId=170531} producedId=3165 frameNumber=170 -> producedId=3165 frameNumber=89
04-16 22:46:16.183  4604  4604 E SurfaceComposerClient: SurfaceComposerClient::Transaction::setAlpha: invalid alpha -0.000919, clamping
04-16 22:46:16.183  4604  4604 I HoneySpace.FloatingAnimator: [Player:A(15.822)] value animator:[219806002] end
04-16 22:46:16.183  4604  4604 I HoneySpace.FloatingAnimator: [Player:A(15.822)] reset
04-16 22:46:16.183  4604  4604 I HoneySpace.FloatingAnimator: playerCount : 0
04-16 22:46:16.183  4604  4604 I HoneySpace.FloatingFinishHelper: finishInProgress: true
04-16 22:46:16.183  4604  4604 I HoneySpace.AppCloseAnimationDelegate: animatorSet end
04-16 22:46:16.183  4604  4604 I HoneySpace.DeJankUtils: postAfterTraversal is called com.honeyspace.common.performance.JankWrapper$addCujInstrumentation$1$4$1@9f2ad1a, immediate : true detail : app transition end
04-16 22:46:16.183  4604  4604 I HoneySpace.AnimationResult: finish, false
04-16 22:46:16.183  4604  4604 I HoneySpace.FloatingFinishHelper: isAppShow reset, immediate
04-16 22:46:16.183  4604  4604 I HoneySpace.WorkspaceViewModel: StartContentAnimation, type: AppClose, inProgress: false
04-16 22:46:16.183  4604  4604 I HoneySpace.HomescreenPot: playContentAnimator end, skip alpha: false, paramType = AppClose, state = com.honeyspace.sdk.HomeScreen$Normal@a8b38e4 -> com.honeyspace.sdk.HomeScreen$Normal@a8b38e4
04-16 22:46:16.183  4604  4604 I StickerOperator: restoreOverlapStickers, 0, 164954823
04-16 22:46:16.184  4604  4604 I HoneySpace.HoneyScreenManagerImpl: transitionAnimator is ended, onCancel: false
04-16 22:46:16.184  4604  4604 I HoneySpace.ContentsAnimator: ContentsAnimator end [212371075]
04-16 22:46:16.184  4604  6942 I VRI[LauncherActivity]@3ca89a7: mWNT: t=0xb400006f276ee2d0 mBlastBufferQueue=0xb400006f379ec510 fn= 90 HdrRenderState mRenderHdrSdrRatio=1.0 caller= com.android.systemui.shared.launcher.ViewRootImplCompat.mergeWithNextTransaction:4 com.honeyspace.transition.utils.SurfaceTransactionApplier.scheduleApply$lambda$1:16 com.honeyspace.transition.utils.SurfaceTransactionApplier.b:0 
04-16 22:46:16.184  4604 18697 I HoneySpace.AnimationResult: asyncFinishRunnable run
04-16 22:46:16.184  4604  4604 I HoneySpace.AnimationResult: completeCallback run
04-16 22:46:16.184  4604  4604 I HoneySpace.RunnableList: executeAllAndClear() called, size: 1
04-16 22:46:16.184  3932  4025 V WindowManagerShell: Transition animation finished (aborted=false), notifying core (#13795) android.os.BinderProxy@f415492@0
04-16 22:46:16.184  4604  6990 I HoneySpace.SPayHandler: updateSpayHandler, show = true, defaultPage = true
04-16 22:46:16.184  3932  4025 I SurfaceControlRegistry: apply, t=FinishTransaction_SyncId<13795>, caller=android.view.SurfaceControl$Transaction.apply:3459 android.view.SurfaceControl$Transaction.apply:3447 android.view.SurfaceControl$Transaction.apply:3397 com.android.wm.shell.transition.Transitions.onFinish:315 com.android.wm.shell.transition.Transitions$$ExternalSyntheticLambda7.onTransitionFinished:12 com.android.wm.shell.transition.RemoteTransitionHandler$1$$ExternalSyntheticLambda0.run:78 
04-16 22:46:16.184  2647  5754 V WindowManager: Finish Transition: TransitionRecord{f54ef71 id=13795 type=CLOSE flags=0x10 c=[
04-16 22:46:16.184  2647  5754 V WindowManager:    ChangeInfo{1fafa51 container=RemoteWallpaperAnim:1:1@5151310 flags=0x0}
04-16 22:46:16.184  2647  5754 V WindowManager:    ChangeInfo{bc772b6 container=Task{2051acf #8 type=home I=com.sec.android.app.launcher/.activities.LauncherActivity} flags=0x30}
04-16 22:46:16.184  2647  5754 V WindowManager:    ChangeInfo{7a37bb7 container=Task{22011cd #1 type=home} flags=0x30}
04-16 22:46:16.184  2647  5754 V WindowManager:    ChangeInfo{6d79f24 container=Task{81bf686 #1854 type=standard A=10582:helium314.keyboard.debug} flags=0x10}
04-16 22:46:16.184  2647  5754 V WindowManager:    ChangeInfo{623ea8d container=Display{#0 state=ON size=1440x3120 ROTATION_0} flags=0x0}
04-16 22:46:16.184  2647  5754 V WindowManager:    ChangeInfo{4d00442 container=ActivityRecord{255234923 u0 helium314.keyboard.debug/helium314.keyboard.settings.SettingsActivity t1854 f} isExiting} flags=0x0}
04-16 22:46:16.184  2647  5754 V WindowManager:    ChangeInfo{aea1c53 container=WallpaperWindowToken{f531756 showWhenLocked=false}_<system> flags=0x0}
04-16 22:46:16.184  2647  5754 V WindowManager:    ChangeInfo{5818990 container=DefaultTaskDisplayArea_d0@266899050 flags=0x0}
04-16 22:46:16.184  2647  5754 V WindowManager:    ChangeInfo{571a289 container=ActivityRecord{268175556 u0 com.sec.android.app.launcher/.activities.LauncherActivity t8} flags=0x0}
04-16 22:46:16.184  2647  5754 V WindowManager: ]
04-16 22:46:16.184  2647  5754 V WindowManager: }, caller=com.android.server.wm.WindowOrganizerController.finishTransitionInner:31 com.android.server.wm.WindowOrganizerController.finishAllTransitions:60 android.window.IWindowOrganizerController$Stub.onTransact:283 
04-16 22:46:16.185  1894  4222 I SurfaceFlinger: id=171350 Removed fc40401 helium314.keyboard.debug/helium314.keyboard.settings.SettingsActivity#171350 (156)
04-16 22:46:16.185  2647  2756 V WindowManager: Finish Transition (#13795): created at 04-16 22:46:15.793 collect-started=0.116ms request-sent=0.209ms started=1.339ms ready=21.003ms sent=21.819ms commit=11.092ms finished=391.809ms
04-16 22:46:16.185  4604  4604 I HoneySpace.Launcher: onEnterAnimationComplete
04-16 22:46:16.185  1894  2629 I SurfaceFlinger: id=171349 Removed a65d5e5 ActivityRecordInputSink helium314.keyboard.debug/helium314.keyboard.settings.SettingsActivity#171349 (156)
04-16 22:46:16.185  1894  2629 I SurfaceFlinger: id=171355 createSurf, flag=24004, Task=1854#171355
04-16 22:46:16.186  2647  5754 D ChangeTransitionController: onTransitionFinished: TransitionRecord{f54ef71 id=13795 type=CLOSE flags=0x10 c=[
04-16 22:46:16.186  2647  5754 D ChangeTransitionController:    ChangeInfo{1fafa51 container=RemoteWallpaperAnim:1:1@5151310 flags=0x0}
04-16 22:46:16.186  2647  5754 D ChangeTransitionController:    ChangeInfo{bc772b6 container=Task{2051acf #8 type=home I=com.sec.android.app.launcher/.activities.LauncherActivity} flags=0x30}
04-16 22:46:16.186  2647  5754 D ChangeTransitionController:    ChangeInfo{7a37bb7 container=Task{22011cd #1 type=home} flags=0x30}
04-16 22:46:16.186  2647  5754 D ChangeTransitionController:    ChangeInfo{6d79f24 container=Task{81bf686 #1854 type=standard A=10582:helium314.keyboard.debug} flags=0x10}
04-16 22:46:16.186  2647  5754 D ChangeTransitionController:    ChangeInfo{623ea8d container=Display{#0 state=ON size=1440x3120 ROTATION_0} flags=0x0}
04-16 22:46:16.186  2647  5754 D ChangeTransitionController:    ChangeInfo{4d00442 container=ActivityRecord{255234923 u0 helium314.keyboard.debug/helium314.keyboard.settings.SettingsActivity t-1 f}} flags=0x0}
04-16 22:46:16.186  2647  5754 D ChangeTransitionController:    ChangeInfo{aea1c53 container=WallpaperWindowToken{f531756 showWhenLocked=false}_<system> flags=0x0}
04-16 22:46:16.186  2647  5754 D ChangeTransitionController:    ChangeInfo{5818990 container=DefaultTaskDisplayArea_d0@266899050 flags=0x0}
04-16 22:46:16.186  2647  5754 D ChangeTransitionController:    ChangeInfo{571a289 container=ActivityRecord{268175556 u0 com.sec.android.app.launcher/.activities.LauncherActivity t8} flags=0x0}
04-16 22:46:16.186  2647  5754 D ChangeTransitionController: ]
04-16 22:46:16.186  2647  5754 D ChangeTransitionController: }
04-16 22:46:16.186  3932  4025 V WindowManagerShell: Track 0 became idle
04-16 22:46:16.186  3932  4025 V WindowManagerShell: All active transition animations finished
04-16 22:46:16.186  2647  2760 W PhoneWindowManager: lockNow pending, ignore updating lockscreen timeout
04-16 22:46:16.186  2647  2760 D SurfaceComposerClient: setCornerRadius ## efcb58f com.sec.android.app.launcher/com.sec.android.app.launcher.activities.LauncherActivity#170531 cornerRadius=0.000000
04-16 22:46:16.186  3932  4025 V ShellDesktopMode: Task Vanished: #1854 closed=true
04-16 22:46:16.186  4604  4604 I HoneySpace.TaskStackChangeRepositoryImpl: onTaskRemoved : 1854
04-16 22:46:16.186  4604  4709 I HoneySpace.TopTaskSource: onTaskRemoved: 1854
04-16 22:46:16.187  4604  4604 I HoneySpace.TaskStackChangeRepositoryImpl: onTaskRemoved : 1854
04-16 22:46:16.187  4604 23960 I HoneySpace.RecentTasks: onRunningTaskVanished
04-16 22:46:16.187  4604 23959 I HoneySpace.RecentTasks: onRecentTasksChanged
04-16 22:46:16.187  4604  4604 I HoneySpace.TaskListViewModel[102937784]: taskRemoveId, 1854
04-16 22:46:16.187  4604  4604 W HoneySpace.TaskListViewModel[102937784]: task is already removed: 1854
04-16 22:46:16.187  4604  4604 I HoneySpace.TaskListViewModel[102937784]: taskRemoveId, 1854
04-16 22:46:16.187  4604  4604 W HoneySpace.TaskListViewModel[102937784]: task is already removed: 1854
04-16 22:46:16.187  4604  4709 I HoneySpace.TopTaskSource: onTaskRemoved: 1854
04-16 22:46:16.191  1894  1894 I SurfaceFlinger: RequestedLayer [Task=1854#171344] hidden!! flag  from(0) --> to(1)
04-16 22:46:16.191  1894  1894 E SurfaceFlinger: Out of order buffers detected for RequestedLayerState{com.sec.android.app.launcher/com.sec.android.app.launcher.activities.LauncherActivity$_4604#171252 parentId=170531} producedId=3165 frameNumber=170 -> producedId=3165 frameNumber=90
04-16 22:46:16.191  4604  4604 I HoneySpace.DeJankUtils: traversals callback's received
04-16 22:46:16.191  1894  1894 I SurfaceFlinger: [Display 0 name="Ingebouwd scherm"#49] setFrameRateCategory: Default
04-16 22:46:16.191  4604  4604 I HoneySpace.DeJankUtils: doActionRunnable is called com.honeyspace.common.performance.JankWrapper$addCujInstrumentation$1$4$1@9f2ad1a, immediate = true, detail : app transition end
04-16 22:46:16.191  1894  1894 I SurfaceFlinger: destroyed fc40401 helium314.keyboard.debug/helium314.keyboard.settings.SettingsActivity#171350 form LifecycleManager
04-16 22:46:16.191  1894  1894 I SurfaceFlinger: [LayerHierarchy{RequestedLayerState{Task=1#53 parentId=10} 2 children}] reparent to LayerHierarchy{RequestedLayerState{DefaultTaskDisplayArea_d0#10 parentId=9} 15 children}
