04-16 22:46:16.192  1894  1894 I SurfaceFlinger: [LayerHierarchy{RequestedLayerState{WallpaperWindowToken{f531756 showWhenLocked=false}#52038 parentId=8 z=1} 1 children}] reparent to LayerHierarchy{RequestedLayerState{Leaf:1:1#8 parentId=7} 2 children}
04-16 22:46:16.192  1894  1894 I SurfaceFlinger: [Task=1854#171355] attach to parent Root
04-16 22:46:16.192  1894  1894 I SurfaceFlinger: [LayerHierarchy{RequestedLayerState{Transition Root: Task=1#171351} 2 children}] reparent to OffscreenRoot
04-16 22:46:16.192  3932  3932 D SystemUIService: SYSUI_RAM_OPTIMIZATION onTrimMemory=20
04-16 22:46:16.192  1894  1894 I SurfaceFlinger: [LayerHierarchy{RequestedLayerState{Transition Root: Task=1#171351} 2 children}] RelativeParent to null
04-16 22:46:16.192  1894  1894 I SurfaceFlinger: [LayerHierarchy{RequestedLayerState{Task=1854#171344 parentId=10 z=11} 1 children}] reparent to LayerHierarchy{RequestedLayerState{DefaultTaskDisplayArea_d0#10 parentId=9} 15 children}
04-16 22:46:16.192  1894  1894 I SurfaceFlinger: id=171350 onLayerDestroyed from LayerHierarchyBuilder(RequestedLayerState{fc40401 helium314.keyboard.debug/helium314.keyboard.settings.SettingsActivity#171350 !handle})
04-16 22:46:16.192  3932  3932 D CentralSurfaces: SYSUI_RAM_OPTIMIZATION onTrimMemory=20
04-16 22:46:16.192  3932  4210 D HWUI    : CacheManager::trimMemory(20)
04-16 22:46:16.192  4604  4604 I HoneySpace.AppTransitionAnimationAwait: proceed 1
04-16 22:46:16.192  1894  1894 I Layer   : id=171350 Destroyed fc40401 helium314.keyboard.debug/helium314.keyboard.settings.SettingsActivity#171350
04-16 22:46:16.192  1894  1894 I SurfaceFlinger: id=171351 Removed Transition Root: Task=1#171351 (156)
04-16 22:46:16.192  1894  1894 I SurfaceFlinger: id=171346 Removed a472d5b Splash Screen helium314.keyboard.debug#171346 (156)
04-16 22:46:16.193  2647  2759 I DisplayDeviceRepository: Display device changed render timings: "Built-in Screen", renderFrameRate=120.00001, presentationDeadlineNanos=9333333, appVsyncOffsetNanos=8333333, frameRateOverrides=[]
04-16 22:46:16.193  4604  4604 I HoneySpace.FloatingFinishHelper: finishInProgress: false
04-16 22:46:16.194  4604 23959 I HoneySpace.Memory-Monitor: current state = 2, didTrim = false
04-16 22:46:16.194  1894  2629 I SurfaceFlinger: id=171353 Removed Surface(name=Task=1854)/@0x50a1bfc_transition-leash#171353 (156)
04-16 22:46:16.194  3932  3932 D DisplayLifecycle: updateDisplay id = 0
04-16 22:46:16.194  1894  2629 I SurfaceFlinger: id=171352 Removed Surface(name=Task=1)/@0x25cfdce_transition-leash#171352 (156)
04-16 22:46:16.194  3932  4113 D StackScroller: onDisplayChanged for predraw skip to 2
04-16 22:46:16.194  2647  4634 D WifiDisplayAdapter: isFitToActiveDisplayLocked : false
04-16 22:46:16.194  2647  2760 W PhoneWindowManager: lockNow pending, ignore updating lockscreen timeout
04-16 22:46:16.194  2647  2760 D SurfaceComposerClient: setCornerRadius ## efcb58f com.sec.android.app.launcher/com.sec.android.app.launcher.activities.LauncherActivity#170531 cornerRadius=0.000000
04-16 22:46:16.194  2647  4095 D SGM:GameManager: identifyGamePackage. com.sec.android.app.launcher, mCurrentUserId: 0, callingMethodInfo: com.samsung.android.game.IGameManagerService$Stub.onTransact(IGameManagerService.java:247)
04-16 22:46:16.199  1894  1894 E SurfaceFlinger: Out of order buffers detected for RequestedLayerState{com.sec.android.app.launcher/com.sec.android.app.launcher.activities.LauncherActivity$_4604#171252 parentId=170531} producedId=3165 frameNumber=170 -> producedId=3165 frameNumber=91
04-16 22:46:16.199  1894  1894 I SurfaceFlinger: destroyed Surface(name=Task=1)/@0x25cfdce_transition-leash#171352 form LifecycleManager
04-16 22:46:16.199  1894  1894 I SurfaceFlinger: destroyed Transition Root: Task=1#171351 form LifecycleManager
04-16 22:46:16.199  1894  1894 I SurfaceFlinger: destroyed Surface(name=Task=1854)/@0x50a1bfc_transition-leash#171353 form LifecycleManager
04-16 22:46:16.199  1894  1894 I SurfaceFlinger: destroyed a472d5b Splash Screen helium314.keyboard.debug#171346 form LifecycleManager
04-16 22:46:16.199  1894  1894 I SurfaceFlinger: [LayerHierarchy{RequestedLayerState{Task=1854#171355 z=11} no children}] reparent to OffscreenRoot
04-16 22:46:16.199  1894  1894 I SurfaceFlinger: [LayerHierarchy{RequestedLayerState{Task=1854#171355 z=11} no children}] RelativeParent to null
04-16 22:46:16.199  1894  1894 I SurfaceFlinger: [LayerHierarchy{RequestedLayerState{ActivityRecord{255234923 u0 helium314.keyboard.debug/helium314.keyboard.settings.SettingsActivity t1854}#171345} 1 children}] reparent to OffscreenRoot
04-16 22:46:16.199  1894  1894 I SurfaceFlinger: [LayerHierarchy{RequestedLayerState{ActivityRecord{255234923 u0 helium314.keyboard.debug/helium314.keyboard.settings.SettingsActivity t1854}#171345} 1 children}] RelativeParent to null
04-16 22:46:16.200  1894  1894 I SurfaceFlinger: [LayerHierarchy{RequestedLayerState{Task=1854#171344 z=11} no children}] reparent to OffscreenRoot
04-16 22:46:16.200  1894  1894 I SurfaceFlinger: [LayerHierarchy{RequestedLayerState{Task=1854#171344 z=11} no children}] RelativeParent to null
04-16 22:46:16.200  1894  1894 I SurfaceFlinger: id=171352 onLayerDestroyed from LayerHierarchyBuilder(RequestedLayerState{Surface(name=Task=1)/@0x25cfdce_transition-leash#171352 !handle z=2})
04-16 22:46:16.200  1894  1894 I SurfaceFlinger: id=171351 onLayerDestroyed from LayerHierarchyBuilder(RequestedLayerState{Transition Root: Task=1#171351 !handle})
04-16 22:46:16.200  1894  1894 I SurfaceFlinger: id=171353 onLayerDestroyed from LayerHierarchyBuilder(RequestedLayerState{Surface(name=Task=1854)/@0x50a1bfc_transition-leash#171353 !handle z=5})
04-16 22:46:16.200  1894  1894 I SurfaceFlinger: id=171346 onLayerDestroyed from LayerHierarchyBuilder(RequestedLayerState{a472d5b Splash Screen helium314.keyboard.debug#171346 !handle z=2147483647})
04-16 22:46:16.200  4604  4604 I HoneySpace.WallpaperAnimator: destroyWallpaperSurface Surface(name=Surface(name=RemoteWallpaperAnim:1:1)/@0x670354a - animation-leash of remote_wallpaper)/@0xbac930
04-16 22:46:16.200  4604  4604 I HoneySpace.WallpaperAnimator: wallpaper animation end [66353577]
04-16 22:46:16.200  1894  1894 I Layer   : id=171352 Destroyed Surface(name=Task=1)/@0x25cfdce_transition-leash#171352
04-16 22:46:16.200  1894  1894 I Layer   : id=171351 Destroyed Transition Root: Task=1#171351
04-16 22:46:16.200  1894  1894 I Layer   : id=171353 Destroyed Surface(name=Task=1854)/@0x50a1bfc_transition-leash#171353
04-16 22:46:16.200  1894  1894 I Layer   : id=171346 Destroyed a472d5b Splash Screen helium314.keyboard.debug#171346
04-16 22:46:16.200  2647  4095 I WindowManager: Cancelling animation restarting=false, leash=Surface(name=Surface(name=RemoteWallpaperAnim:1:1)/@0x670354a - animation-leash of remote_wallpaper)/@0xa9dd99a
04-16 22:46:16.200  2647  4095 I WindowManager: Reparenting to original parent: Surface(name=OneHanded:0:14)/@0xf3f6cbb, destroy=false, surface=Surface(name=RemoteWallpaperAnim:1:1)/@0x670354a
04-16 22:46:16.200  1894  1894 I SurfaceFlinger: id=171355 Removed Task=1854#171355 (152)
04-16 22:46:16.200  1894  1894 I SurfaceFlinger: id=171345 Removed ActivityRecord{255234923 u0 helium314.keyboard.debug/helium314.keyboard.settings.SettingsActivity t1854}#171345 (152)
04-16 22:46:16.200  2647  4095 D WindowManager: mRunner#onAnimationCancelled, leash=Surface(name=Surface(name=RemoteWallpaperAnim:1:1)/@0x670354a - animation-leash of remote_wallpaper)/@0xa9dd99a, caller=com.android.server.wm.SurfaceAnimator.cancelAnimation:14 com.android.server.wm.SurfaceAnimator.cancelAnimation:1 com.android.server.wm.WindowContainer.cancelAnimation:3 com.android.server.wm.WindowManagerService.finishRemoteWallpaperAnimation:81 android.view.IWindowManager$Stub.onTransact:4336 
04-16 22:46:16.200  4604  4612 I HoneySpace.WallpaperAnimator: onAnimationCancelled
04-16 22:46:16.200  2647  4095 D WindowManager: finishRemoteWallpaperAnimation, success=true
04-16 22:46:16.208  1894  1894 I SurfaceFlinger: destroyed Task=1854#171355 form LifecycleManager
04-16 22:46:16.208  1894  1894 I SurfaceFlinger: destroyed a65d5e5 ActivityRecordInputSink helium314.keyboard.debug/helium314.keyboard.settings.SettingsActivity#171349 form LifecycleManager
04-16 22:46:16.208  1894  1894 I SurfaceFlinger: destroyed ActivityRecord{255234923 u0 helium314.keyboard.debug/helium314.keyboard.settings.SettingsActivity t1854}#171345 form LifecycleManager
04-16 22:46:16.208  1894  1894 I SurfaceFlinger: id=171355 onLayerDestroyed from LayerHierarchyBuilder(RequestedLayerState{Task=1854#171355 !handle z=11})
04-16 22:46:16.208  1894  1894 I SurfaceFlinger: id=171349 onLayerDestroyed from LayerHierarchyBuilder(RequestedLayerState{a65d5e5 ActivityRecordInputSink helium314.keyboard.debug/helium314.keyboard.settings.SettingsActivity#171349 !handle z=-2147483648})
04-16 22:46:16.208  1894  1894 I SurfaceFlinger: id=171345 onLayerDestroyed from LayerHierarchyBuilder(RequestedLayerState{ActivityRecord{255234923 u0 helium314.keyboard.debug/helium314.keyboard.settings.SettingsActivity t1854}#171345 !handle})
04-16 22:46:16.208  1894  1894 I Layer   : id=171355 Destroyed Task=1854#171355
04-16 22:46:16.208  1894  1894 I Layer   : id=171349 Destroyed a65d5e5 ActivityRecordInputSink helium314.keyboard.debug/helium314.keyboard.settings.SettingsActivity#171349
04-16 22:46:16.208  1894  1894 I Layer   : id=171345 Destroyed ActivityRecord{255234923 u0 helium314.keyboard.debug/helium314.keyboard.settings.SettingsActivity t1854}#171345
04-16 22:46:16.216  1894  1894 I SurfaceFlinger: [LayerHierarchy{RequestedLayerState{RemoteWallpaperAnim:1:1#7 parentId=4 z=1} 1 children}] reparent to LayerHierarchy{RequestedLayerState{OneHanded:0:14#4 parentId=3} 4 children}
04-16 22:46:16.216  1894  1894 I SurfaceFlinger: [LayerHierarchy{RequestedLayerState{Surface(name=RemoteWallpaperAnim:1:1)/@0x670354a - animation-leash of remote_wallpaper#171354} no children}] reparent to OffscreenRoot
04-16 22:46:16.216  1894  1894 I SurfaceFlinger: [LayerHierarchy{RequestedLayerState{Surface(name=RemoteWallpaperAnim:1:1)/@0x670354a - animation-leash of remote_wallpaper#171354} no children}] RelativeParent to null
04-16 22:46:16.216  1894  1894 I SurfaceFlinger: id=171354 Removed Surface(name=RemoteWallpaperAnim:1:1)/@0x670354a - animation-leash of remote_wallpaper#171354 (149)
04-16 22:46:16.224  1894  1894 I SurfaceFlinger: destroyed Surface(name=RemoteWallpaperAnim:1:1)/@0x670354a - animation-leash of remote_wallpaper#171354 form LifecycleManager
04-16 22:46:16.224  1894  1894 I SurfaceFlinger: id=171354 onLayerDestroyed from LayerHierarchyBuilder(RequestedLayerState{Surface(name=RemoteWallpaperAnim:1:1)/@0x670354a - animation-leash of remote_wallpaper#171354 !handle})
04-16 22:46:16.224  1894  1894 I Layer   : id=171354 Destroyed Surface(name=RemoteWallpaperAnim:1:1)/@0x670354a - animation-leash of remote_wallpaper#171354
04-16 22:46:16.257  1729  3890 I sensors-hal: handle_sns_client_event:202, auto_rotation_debug_2 mode,255, type,1,0 acc,-0.148,0.129,9.916, ar,0, ver,14, pedo,1,e,1,i,3
04-16 22:46:16.293  2647  2759 W ActivityTaskManager: Activity top resumed state loss timeout for ActivityRecord{255234923 u0 helium314.keyboard.debug/helium314.keyboard.settings.SettingsActivity t-1 f}}
04-16 22:46:16.293  2647  2759 D ActivityTaskManager: scheduleTopResumedActivityChanged, onTop=true, r=ActivityRecord{268175556 u0 com.sec.android.app.launcher/.activities.LauncherActivity t8}, caller=com.android.server.wm.ActivityTaskSupervisor.scheduleTopResumedActivityStateIfNeeded:18 com.android.server.wm.ActivityTaskSupervisor.handleTopResumedStateReleased:44 com.android.server.wm.ActivityTaskSupervisor$ActivityTaskSupervisorHandler.handleMessageInner:42 com.android.server.wm.ActivityTaskSupervisor$ActivityTaskSupervisorHandler.handleMessage:11 android.os.Handler.dispatchMessage:110 android.os.Looper.loopOnce:273 
04-16 22:46:16.295  1759  2099 I SDM     : DisplayBase::CommitThread: Received idle timeout, panel: cmd, timeout: 70000 us
04-16 22:46:16.316  1862  1910 E HeatmapThread: ECT Thread time in milliseconds: 1776372376
04-16 22:46:16.318  1862  1910 D HeatmapThread: !@ batteryplugType : 2
04-16 22:46:16.318  1862  1910 D HeatmapThread: !@ batteryLevel : 46  batteryTemperature : 329 
04-16 22:46:16.318  1862  1910 D HeatmapThread: !@ Heatmap currtime: 29606206
04-16 22:46:16.318  1862  1910 D HeatmapThread: !@ Heatmap prevtime: 29606181
04-16 22:46:16.318  1862  1910 D HeatmapThread: !@ Heatmap plugstarttime: 29606120
04-16 22:46:16.318  1862  1910 D HeatmapThread: !@ Heatmap prevv_dsoh_update_time: 29606180
04-16 22:46:16.318  1862  1910 E HeatmapThread: !@ CAM New BSOH: 100
04-16 22:46:16.318  1862  1910 E HeatmapThread: !@ CAM is Working
04-16 22:46:16.341  1735 24703 I HYPER-HAL: [RequestManager.cpp]releaseLocked(): Released ID : 5228347
04-16 22:46:16.361  2647  8861 I AfterimageCompensationService: AfcThread mLuminance : 124 , AfpcPeriodCount : 1600 , rotation : 0 , AOD : false
04-16 22:46:16.361  2647  8861 I SurfaceComposerClient: captureDisplay:Display-4630947191136750483
04-16 22:46:16.361  1758  1758 I SnapAlloc: Using graphics libs for alignment calculations
04-16 22:46:16.362  1894  2629 I SurfaceFlinger: Capture layer list: 	 Wallpaper BBQ wrapper 5_system#52041(seamlessTransition:0)
04-16 22:46:16.362  1894  2629 I SurfaceFlinger: Capture layer list: 	 com.sec.android.app.launcher/com.sec.android.app.launcher.activities.LauncherActivity$_4604#171252(seamlessTransition:0)
04-16 22:46:16.362  1894  2629 I SurfaceFlinger: Capture layer list: 	 StatusBar$_3932#103(seamlessTransition:0)
04-16 22:46:16.362  1894  2629 I SurfaceFlinger: Capture layer list: 	 NavigationBar0$_3932#99(seamlessTransition:0)
04-16 22:46:16.362  1894  2629 I CompositionEngine: [setDisplaySize] size=(1440, 3120)
04-16 22:46:16.362  1894  2629 E HwcComposer: getLuts failed Status(-129, EX_TRANSACTION_FAILED): 'UNKNOWN_TRANSACTION: '
04-16 22:46:16.363  1894  2104 D RenderEngine: [SEC_SF_EFFECTS] drawLayersInternal,1483, Rendering layer ScreenCaptureFillLayer at index 0
04-16 22:46:16.363  1894  2104 D RenderEngine: [SEC_SF_EFFECTS] drawLayersInternal,1483, Rendering layer Wallpaper BBQ wrapper 5_system#52041 at index 1
04-16 22:46:16.363  1894  2104 D RenderEngine: [SEC_SF_EFFECTS] drawLayersInternal,1483, Rendering layer com.sec.android.app.launcher/com.sec.android.app.launcher.activities.LauncherActivity$_4604#171252 at index 2
04-16 22:46:16.363  1894  2104 D RenderEngine: [SEC_SF_EFFECTS] drawLayersInternal,1483, Rendering layer StatusBar$_3932#103 at index 3
04-16 22:46:16.363  1894  2104 D RenderEngine: [SEC_SF_EFFECTS] drawLayersInternal,1483, Rendering layer NavigationBar0$_3932#99 at index 4
04-16 22:46:16.373  2647  8861 D system_server: mAFPC_Read - w = 1440, h = 3120, s = 32, f = 4, s_size = 18370560, luminance = 124, count = 1600, captureOrientation = 0
04-16 22:46:16.420  2647  4095 I ActivityManager: Changes in 10561 6 to 10, 128 to 0
04-16 22:46:16.422  2647  3721 D BackgroundInstallControlService: Package event received: 0
04-16 22:46:16.422  2647  5754 I ActivityManager: Changes in 10561 10 to 6, 0 to 128
04-16 22:46:16.422  2647  3721 D BackgroundInstallControlService: Package event received: 0
04-16 22:46:16.422  2647  3721 D BackgroundInstallControlService: Package event received: 0
04-16 22:46:16.614  1735 24731 I HYPER-HAL: [RequestManager.cpp]releaseLocked(): Released ID : 3581855
04-16 22:46:16.631  2647  3596 E WifiStaIfaceAidlImpl: getCachedScanData failed with service-specific exception: android.os.ServiceSpecificException:  (code 4)
04-16 22:46:16.632  2647  6315 D SemWifiUsabilityStatsMonitor: onWifiUsabilityStats - seqNum 97291, isSameBssidAndFreq true
04-16 22:46:16.632  4108  4108 I EPDG -- SIM0 [SMARTWIFI]: isProfiling, hash=38957245, started=true
04-16 22:46:16.633  4108  4108 I EPDG -- SIM0 [SMARTWIFI]: isProfiling, hash=38957245, started=true
04-16 22:46:16.633  4108  4108 I EPDG -- SIM0 [SMARTWIFI]: Rssi : -26 highrange : -75 lowrange : -85 mIsRssiInHystersis : false
04-16 22:46:16.633  4108  4108 I EPDG -- SIM0 [SMARTWIFI]: Rssi : -26 highrange : -75 lowrange : -85 mIsRssiInHystersis : false
04-16 22:46:16.633  4108  4108 I EPDG -- SIM0 [SMARTWIFI]: getHandoverThresholdMet: value is: false
04-16 22:46:16.633  2647  3794 I SemWifiLinkQualityMonitor: Link stat: 1767 / 130 / 1.42 (17) / 866 / -26.0 || 100.0 : 866.00 / 0.5 : 0.71 / 0.55 : 0.07 / G (G) || d0397ad55200: 0.087 / 92.001 / N || N N / 0 0 / N 2.0 / N X 0 / 425534566 0 || 2026-04-16 22:46:16  / 0: 0 0 0 0 0 0 / 0: 0 0 0 0 0 0 / 0: 0 0 0 0 0 0
04-16 22:46:16.633  2647  3795 D InsDataManager: onOutageCountUpdate() - Outage Data: 0, LQ : N. Outage Triggered: false
04-16 22:46:16.633  2647  3795 E InsController: Error in onOutageCountUpdate: android.net.VpnTransportInfo cannot be cast to android.net.wifi.WifiInfo
04-16 22:46:16.633  2647  3795 D SemInsManager: {"bssid": "d0397ad55200","rssi": -26.0,"latency": 0.0869556517089646,"outage_count": 0,"lq_callback_triggered": false,"outage_log": "Link stat: 1767 / 130 / 1.42 (17) / 866 / -26.0 || 100.0 : 866.00 / 0.5 : 0.71 / 0.55 : 0.07 / G (G) || d0397ad55200: 0.087 / 92.001 / N || N N / 0 0 / N 2.0 / N X 0 / 425534566 0 || 2026-04-16 22:46:16  / 0: 0 0 0 0 0 0 / 0: 0 0 0 0 0 0 / 0: 0 0 0 0 0 0""Magnetic Sensor Events size": "0""Pressure Sensor Events size": "0"}
04-16 22:46:16.635  2647  3812 D SGM:GameManager: identifyGamePackage. com.sec.android.app.launcher, mCurrentUserId: 0, callingMethodInfo: com.samsung.android.game.SemGameManager.isGamePackage(SemGameManager.java:106)
04-16 22:46:16.635  2647  3812 D SGM:SemGameManager: isGamePackage(), pkgName=com.sec.android.app.launcher, ret=false
04-16 22:46:16.645  1735 24707 I HYPER-HAL: [RequestManager.cpp]releaseLocked(): Released ID : 3557798
04-16 22:46:17.142  1735 24704 I HYPER-HAL: [RequestManager.cpp]releaseLocked(): Released ID : 23498964
04-16 22:46:17.314  1735 24732 I HYPER-HAL: [RequestManager.cpp]releaseLocked(): Released ID : 23505821
04-16 22:46:17.316  1862  1910 E HeatmapThread: ECT Thread time in milliseconds: 1776372377
04-16 22:46:17.317  1862  1910 D HeatmapThread: !@ batteryplugType : 2
04-16 22:46:17.318  1862  1910 D HeatmapThread: !@ batteryLevel : 46  batteryTemperature : 329 
04-16 22:46:17.318  1862  1910 D HeatmapThread: !@ Heatmap currtime: 29606206
04-16 22:46:17.318  1862  1910 D HeatmapThread: !@ Heatmap prevtime: 29606181
04-16 22:46:17.318  1862  1910 D HeatmapThread: !@ Heatmap plugstarttime: 29606120
04-16 22:46:17.318  1862  1910 D HeatmapThread: !@ Heatmap prevv_dsoh_update_time: 29606180
04-16 22:46:17.318  1862  1910 E HeatmapThread: !@ CAM New BSOH: 100
04-16 22:46:17.318  1862  1910 E HeatmapThread: !@ CAM is Working
04-16 22:46:17.650  1761  1895 E PERFHAL-UTIL: PERFHAL-UTIL: change_node_val() 204: Failed to update node /proc/sys/walt/sched_per_task_boost with value 24635 0
04-16 22:46:17.650  1761  1895 E PERFHAL-OPTSHANDLER: PERFHAL-OPTSHANDLER: sched_reset_task_boost() 3696: can't reset task 24635
04-16 22:46:17.650  1761  1895 E PERFHAL-RESOURCEQS: PERFHAL-RESOURCEQS: RemoveAndApply() 372: Failed to reset optimization [3, 32]
04-16 22:46:17.685  1735 24720 I HYPER-HAL: [RequestManager.cpp]releaseLocked(): Released ID : 4190065
04-16 22:46:17.923  2647  4634 I ActivityManager: Changes in 10561 6 to 10, 128 to 0
04-16 22:46:17.925  2647  3721 D BackgroundInstallControlService: Package event received: 0
04-16 22:46:17.925  2647  4095 I ActivityManager: Changes in 10561 10 to 6, 0 to 128
04-16 22:46:17.925  2647  3721 D BackgroundInstallControlService: Package event received: 0
04-16 22:46:17.925  2647  3721 D BackgroundInstallControlService: Package event received: 0
04-16 22:46:17.931  1894  2629 I VSyncReactor: Current= 120, Period= 120, Distance= 0
04-16 22:46:17.939  1894  2629 I VSyncReactor: Current= 120, Period= 120, Distance= 120
04-16 22:46:18.025  1116  1116 D io_stats: !@ Read_top(KB): inkedin.android:low(26501) 16 f2fs_ckpt-254:6:/(1316) 12 martsuggestions:high(6656) 8
04-16 22:46:18.025  1116  1116 D io_stats: !@ Write_top(KB): kworker/u17:2:/(20783) 1428 kworker/3:1:/(12266) 436 f2fs_ckpt-254:6:/(1316) 420
04-16 22:46:18.316  1862  1910 E HeatmapThread: ECT Thread time in milliseconds: 1776372378
04-16 22:46:18.318  1862  1910 D HeatmapThread: !@ batteryplugType : 2
04-16 22:46:18.318  1862  1910 D HeatmapThread: !@ batteryLevel : 46  batteryTemperature : 329 
04-16 22:46:18.318  1862  1910 D HeatmapThread: !@ Heatmap currtime: 29606206
04-16 22:46:18.318  1862  1910 D HeatmapThread: !@ Heatmap prevtime: 29606181
04-16 22:46:18.318  1862  1910 D HeatmapThread: !@ Heatmap plugstarttime: 29606120
04-16 22:46:18.318  1862  1910 D HeatmapThread: !@ Heatmap prevv_dsoh_update_time: 29606180
04-16 22:46:18.318  1862  1910 E HeatmapThread: !@ CAM New BSOH: 100
04-16 22:46:18.318  1862  1910 E HeatmapThread: !@ CAM is Working
04-16 22:46:18.447  1719  5408 I vendor.qti.bluetooth@1.0-ibs_handler: ProcessIbsCmd: Received IBS_WAKE_IND: 0xFD
04-16 22:46:18.447  1719  5408 D vendor.qti.bluetooth@1.0-ibs_handler: SerialClockVote: vote for UART CLK ON
04-16 22:46:18.447  1719  5408 D vendor.qti.bluetooth@1.0-wake_lock: Acquire wakelock is acquired 
04-16 22:46:18.447  1719  5408 I vendor.qti.bluetooth@1.0-ibs_handler: ProcessIbsCmd: Writing IBS_WAKE_ACK
04-16 22:46:18.454  4122  5492 I ScanController: onScanResult to scannerId: 10- eventType=0x10, addressType=1, address=XX:XX:XX:XX:65:7C, primaryPhy=1, secondaryPhy=0, advertisingSid=0xff, txPower=127, rssi=-86, periodicAdvInt=0x0
04-16 22:46:18.455  4122  5492 I ScanController: onScanResult to scannerId: 10- eventType=0x0, addressType=1, address=XX:XX:XX:XX:62:B9, primaryPhy=1, secondaryPhy=1, advertisingSid=0x2, txPower=127, rssi=-87, periodicAdvInt=0x0
04-16 22:46:18.498  1719  5408 I vendor.qti.bluetooth@1.0-ibs_handler: ProcessIbsCmd: Received IBS_SLEEP_IND: 0xFE
04-16 22:46:18.498  1719  5408 D vendor.qti.bluetooth@1.0-ibs_handler: SerialClockVote: vote for UART CLK OFF
04-16 22:46:18.643  2647  4511 I SemDvfsHyPerManager: acquire hyper - AMS_RESUME_TAIL/2647@21, type = -999
04-16 22:46:18.644  2647  4511 I SemDvfsHyPerManager: acquire hyper - AMS_ACT_LAZY/2647@22, type = -999
04-16 22:46:18.644  2647  4511 D ActivityManagerPerformance: AMP_acquire() TAIL
04-16 22:46:18.644  2647  4511 D ActivityManagerPerformance: AMP_release() APP_SWITCH
04-16 22:46:18.644  1735  1873 I HYPER-HAL: [RequestManager.cpp]acquire(): Acquired ID : 3560467  [2647 / 21]    HINT : AMS_RESUME_TAIL    list : 
04-16 22:46:18.644  2647  5216 D FreecessController: BG freezed, skip OLAF unfreeze for (com.samsung.android.aremoji, 10045)
04-16 22:46:18.644  1735  1873 I HYPER-HAL: [RequestManager.cpp]acquire(): Acquired ID : 3563137  [2647 / 22]    HINT : AMS_ACT_LAZY    list : 
04-16 22:46:18.645  1735  1873 I HYPER-HAL: [RequestManager.cpp]releaseLocked(): Released ID : 3576502
04-16 22:46:18.648  1719  4598 D vendor.qti.bluetooth@1.0-wake_lock: Release wakelock is released 
04-16 22:46:18.662  2647  5216 D FreecessController: BG freezed, skip OLAF unfreeze for (com.sec.android.gallery3d, 10129)
04-16 22:46:18.664  2647  5216 D FreecessController: BG freezed, skip OLAF unfreeze for (com.samsung.knox.securefolder, 10139)
04-16 22:46:18.670  2647  5216 D FreecessController: BG freezed, skip OLAF unfreeze for (com.google.android.apps.photos, 10292)
04-16 22:46:18.670  2647  5216 D FreecessController: BG freezed, skip OLAF unfreeze for (com.google.android.apps.tachyon, 10295)
04-16 22:46:18.670  2647  5216 D FreecessController: BG freezed, skip OLAF unfreeze for (com.google.android.gm, 10303)
04-16 22:46:18.670  2647  5216 D FreecessController: BG freezed, skip OLAF unfreeze for (com.google.android.youtube, 10305)
04-16 22:46:18.671  2647  5216 D FreecessController: BG freezed, skip OLAF unfreeze for (com.samsung.android.app.tips, 10340)
04-16 22:46:18.671  2647  5216 D FreecessController: BG freezed, skip OLAF unfreeze for (com.samsung.android.game.gamehome, 10342)
04-16 22:46:18.671  2647  5216 D FreecessController: BG freezed, skip OLAF unfreeze for (com.samsung.android.app.reminder, 10345)
04-16 22:46:18.672  2647  5216 D FreecessController: BG freezed, skip OLAF unfreeze for (com.samsung.android.voc, 10357)
04-16 22:46:18.672  2647  5216 D FreecessController: BG freezed, skip OLAF unfreeze for (com.samsung.android.app.notes, 10364)
04-16 22:46:18.672  2647  5216 D FreecessController: BG freezed, skip OLAF unfreeze for (com.google.android.contactkeys, 10367)
04-16 22:46:18.672  2647  5216 D FreecessController: BG freezed, skip OLAF unfreeze for (com.reddit.frontpage, 10368)
04-16 22:46:18.674  2647  5216 D FreecessController: BG freezed, skip OLAF unfreeze for (com.twitter.android, 10377)
04-16 22:46:18.674  2647  5216 D FreecessController: BG freezed, skip OLAF unfreeze for (com.takeaway.android, 10386)
04-16 22:46:18.674  2647  5216 D FreecessController: BG freezed, skip OLAF unfreeze for (com.solflare.mobile, 10387)
04-16 22:46:18.674  2647  5216 D FreecessController: BG freezed, skip OLAF unfreeze for (com.instagram.android, 10392)
04-16 22:46:18.674  2647  5216 D FreecessController: BG freezed, skip OLAF unfreeze for (com.facebook.katana, 10397)
04-16 22:46:18.674  2647  5216 D FreecessController: BG freezed, skip OLAF unfreeze for (com.google.android.keep, 10404)
04-16 22:46:18.674  2647  5216 D FreecessController: BG freezed, skip OLAF unfreeze for (com.plexapp.android, 10411)
04-16 22:46:18.674  2647  5216 D FreecessController: BG freezed, skip OLAF unfreeze for (com.google.android.apps.adm, 10425)
04-16 22:46:18.674  2647  5216 D FreecessController: BG freezed, skip OLAF unfreeze for (com.google.android.apps.chromecast.app, 10452)
04-16 22:46:18.674  2647  5216 D FreecessController: BG freezed, skip OLAF unfreeze for (com.samsung.android.ptts.enus, 10500)
04-16 22:46:18.675  2647  5216 D FreecessController: BG freezed, skip OLAF unfreeze for (com.google.android.apps.playconsole, 10559)
04-16 22:46:18.675  2647  5216 D FreecessController: restrictJobsByOlaf: restrict=false, uid=-1
04-16 22:46:18.675  2647  5216 I NSLocationMonitor: getGPSUsingApps() called
04-16 22:46:18.675  5221  5244 I NSLocationManager_FLP: getGPSUsingApps, No change
04-16 22:46:18.675  2647  2647 D OlafRestriction:  olaf state update: state=false
04-16 22:46:18.675  2647  2647 D OlafRestriction:  sending trigger onRestrictionStateChanged msg.
04-16 22:46:18.677  2647  5216 D FreecessHandler: freeze com.samsung.android.rampart(10215) result : 51
04-16 22:46:18.677  2647  5216 D FreecessHandler: stop trying to freeze com.samsung.android.rampart
04-16 22:46:18.677  2647  5216 I NSLocationMonitor: getGPSUsingApps() called
04-16 22:46:18.677  5221  5244 I NSLocationManager_FLP: getGPSUsingApps, No change
04-16 22:46:18.678  2647  5216 D FreecessHandler: freeze com.sec.android.app.kidshome(10343) result : 51
04-16 22:46:18.678  2647  5216 D FreecessHandler: stop trying to freeze com.sec.android.app.kidshome
04-16 22:46:18.678  2647  5216 I NSLocationMonitor: getGPSUsingApps() called
04-16 22:46:18.678  5221  5244 I NSLocationManager_FLP: getGPSUsingApps, No change
04-16 22:46:18.679  2647  5216 D FreecessHandler: freeze com.sec.android.app.voicenote(10347) result : 51
04-16 22:46:18.679  2647  5216 D FreecessHandler: stop trying to freeze com.sec.android.app.voicenote
04-16 22:46:18.679  2647  5216 I NSLocationMonitor: getGPSUsingApps() called
04-16 22:46:18.679  5221  5244 I NSLocationManager_FLP: getGPSUsingApps, No change
04-16 22:46:18.679  2647  5216 D FreecessHandler: freeze com.sec.android.app.shealth(10370) result : 51
04-16 22:46:18.679  2647  5216 D FreecessHandler: stop trying to freeze com.sec.android.app.shealth
04-16 22:46:18.679  2647  5216 I NSLocationMonitor: getGPSUsingApps() called
04-16 22:46:18.680  5221  5244 I NSLocationManager_FLP: getGPSUsingApps, No change
04-16 22:46:18.680  2647  5216 D FreecessHandler: freeze com.discord(10453) result : 51
04-16 22:46:18.680  2647  5216 D FreecessHandler: stop trying to freeze com.discord
04-16 22:46:18.683  4604  7404 I HoneySpace.PredictionDataSourceImpl: TYPE_SUGGESTED_APPS updated: 9
04-16 22:46:18.685  4604  7403 I HoneySpace.PredictionDataSourceImpl: TYPE_RECOMMENDED_WIDGETS updated: 50
04-16 22:46:18.945  1735 24759 I HYPER-HAL: [RequestManager.cpp]releaseLocked(): Released ID : 3560467
04-16 22:46:19.149  2647  6742 E TaskPersister: File error accessing recents directory (directory doesn't exist?).
04-16 22:46:19.317  1862  1910 E HeatmapThread: ECT Thread time in milliseconds: 1776372379
04-16 22:46:19.319  1862  1910 D HeatmapThread: !@ batteryplugType : 2
04-16 22:46:19.319  1862  1910 D HeatmapThread: !@ batteryLevel : 46  batteryTemperature : 329 
04-16 22:46:19.319  1862  1910 D HeatmapThread: !@ Heatmap currtime: 29606206
04-16 22:46:19.319  1862  1910 D HeatmapThread: !@ Heatmap prevtime: 29606181
04-16 22:46:19.320  1862  1910 D HeatmapThread: !@ Heatmap plugstarttime: 29606120
04-16 22:46:19.320  1862  1910 D HeatmapThread: !@ Heatmap prevv_dsoh_update_time: 29606180
04-16 22:46:19.320  1862  1910 E HeatmapThread: !@ CAM New BSOH: 100
04-16 22:46:19.320  1862  1910 E HeatmapThread: !@ CAM is Working
04-16 22:46:19.356  3906  4548 D SatelliteController: isInCarrierRoamingNbIotNtn: satellite is disabled
04-16 22:46:19.357  2647  3776 D SemCellularStateManager: onSignalStrengthsChanged: mCellularSignalLevel=3
04-16 22:46:19.358  4108  4108 I EPDG -- SIM0 [SMARTCELLULAR]: onSignalStrengthsChanged: SignalStrength:{mCdma=Invalid,mGsm=Invalid,mWcdma=Invalid,mTdscdma=Invalid,mLte=CellSignalStrengthLte: rssi=-73 rsrp=-105 rsrq=-13 rssnr=-1 cqiTableIndex=2147483647 cqi=2147483647 ta=2147483647 level=3 parametersUseForLevel=0,mNr=Invalid,SignalBarInfo{ lteLevel=2 },rat=14,primary=CellSignalStrengthLte}
04-16 22:46:19.358  4108  5477 I EPDG -- SIM0 [SMARTCELLULAR]: lastLteRSRP is -110 currentLteRSRP is -105 lastLteRSRQ is -12 currentLteRSRQ is -13 lastLteSNR is 3 currentLteSNR is -1
04-16 22:46:19.428  2647  4095 I ActivityManager: Changes in 10561 6 to 10, 128 to 0
04-16 22:46:19.432  2647  5754 I ActivityManager: Changes in 10561 10 to 6, 0 to 128
04-16 22:46:19.433  2647  3721 D BackgroundInstallControlService: Package event received: 0
04-16 22:46:19.433  2647  3721 D BackgroundInstallControlService: Package event received: 0
04-16 22:46:19.434  2647  3721 D BackgroundInstallControlService: Package event received: 0
04-16 22:46:19.438  1894  2629 I VSyncReactor: Current= 120, Period= 120, Distance= 1
04-16 22:46:19.447  1894  2629 I VSyncReactor: Current= 120, Period= 120, Distance= 120
04-16 22:46:19.631  1729 24765 I sensors-hal: handle_sns_std_sensor_event:408, [SSC_LIGHT] P: 9(9),c:8,b:87,m:13,cl:1,l:9,s:8,l0:1984,l1:0,s0:1500,s1:0,acl:1,opr:0.28,f(r):83,u(bl):100,if:83,wi:0,si:0,0(N:0)
04-16 22:46:19.631  1729  3890 I sensors-hal: handle_sns_std_sensor_event:127, [SSC_LIGHT] A: 9(9),c:8,b:87,m:13,cl:1,l:9,s:8,l0:1984,l1:0,s0:1500,s1:0,acl:1,opr:0.28,f(r):83,u(bl):100,if:83,wi:0,si:0,0(N:0)
04-16 22:46:19.642  2647  3596 E WifiStaIfaceAidlImpl: getCachedScanData failed with service-specific exception: android.os.ServiceSpecificException:  (code 4)
04-16 22:46:19.645  1735 24708 I HYPER-HAL: [RequestManager.cpp]releaseLocked(): Released ID : 23512679
04-16 22:46:19.645  2647  6315 D SemWifiUsabilityStatsMonitor: onWifiUsabilityStats - seqNum 97292, isSameBssidAndFreq true
04-16 22:46:19.645  4108  4108 I EPDG -- SIM0 [SMARTWIFI]: isProfiling, hash=38957245, started=true
04-16 22:46:19.645  4108  4108 I EPDG -- SIM0 [SMARTWIFI]: isProfiling, hash=38957245, started=true
04-16 22:46:19.646  4108  4108 I EPDG -- SIM0 [SMARTWIFI]: Rssi : -30 highrange : -75 lowrange : -85 mIsRssiInHystersis : false
04-16 22:46:19.646  4108  4108 I EPDG -- SIM0 [SMARTWIFI]: Rssi : -30 highrange : -75 lowrange : -85 mIsRssiInHystersis : false
04-16 22:46:19.646  4108  4108 I EPDG -- SIM0 [SMARTWIFI]: getHandoverThresholdMet: value is: false
04-16 22:46:19.646  2647  3795 D InsDataManager: onOutageCountUpdate() - Outage Data: 0, LQ : N. Outage Triggered: false
04-16 22:46:19.646  2647  3795 E InsController: Error in onOutageCountUpdate: android.net.VpnTransportInfo cannot be cast to android.net.wifi.WifiInfo
04-16 22:46:19.646  2647  3795 D SemInsManager: {"bssid": "d0397ad55200","rssi": -30.0,"latency": 0.0,"outage_count": 0,"lq_callback_triggered": false,"outage_log": "Unreliable statistics: -30.0 / 3 / 807 / 80 / 0 || d0397ad55200: 0.000 / 0.000 / @ || N N / 0 0 / N 2.0 / N X 0 / 425537579 0 || 2026-04-16 22:46:19  / 0: 0 0 0 0 0 0 / 0: 0 0 0 0 0 0 / 0: 0 0 0 0 0 0""Magnetic Sensor Events size": "0""Pressure Sensor Events size": "0"}
04-16 22:46:19.650  2647  3812 D SGM:GameManager: identifyGamePackage. com.sec.android.app.launcher, mCurrentUserId: 0, callingMethodInfo: com.samsung.android.game.SemGameManager.isGamePackage(SemGameManager.java:106)
04-16 22:46:19.650  2647  3812 D SGM:SemGameManager: isGamePackage(), pkgName=com.sec.android.app.launcher, ret=false
04-16 22:46:19.654  2647  3524 D SemInputMotionEventDispatcher: registerMotionEventListener: already registered: com.samsung.android.hardware.secinputdev.taas.ExternalApi$5@b319cfa
